Archive member included to satisfy reference by file (symbol)

/usr/lib/gcc/arm-none-eabi/13.1.0/../../../../arm-none-eabi/lib/thumb/v7e-m+fp/hard/libc_nano.a(libc_a-atexit.o)
                              /usr/lib/gcc/arm-none-eabi/13.1.0/../../../../arm-none-eabi/lib/thumb/v7e-m+fp/hard/crt0.o (atexit)
/usr/lib/gcc/arm-none-eabi/13.1.0/../../../../arm-none-eabi/lib/thumb/v7e-m+fp/hard/libc_nano.a(libc_a-exit.o)
                              /usr/lib/gcc/arm-none-eabi/13.1.0/../../../../arm-none-eabi/lib/thumb/v7e-m+fp/hard/crt0.o (exit)
/usr/lib/gcc/arm-none-eabi/13.1.0/../../../../arm-none-eabi/lib/thumb/v7e-m+fp/hard/libc_nano.a(libc_a-findfp.o)
                              /usr/lib/gcc/arm-none-eabi/13.1.0/../../../../arm-none-eabi/lib/thumb/v7e-m+fp/hard/libc_nano.a(libc_a-exit.o) (__stdio_exit_handler)
/usr/lib/gcc/arm-none-eabi/13.1.0/../../../../arm-none-eabi/lib/thumb/v7e-m+fp/hard/libc_nano.a(libc_a-fwalk.o)
                              /usr/lib/gcc/arm-none-eabi/13.1.0/../../../../arm-none-eabi/lib/thumb/v7e-m+fp/hard/libc_nano.a(libc_a-findfp.o) (_fwalk_sglue)
/usr/lib/gcc/arm-none-eabi/13.1.0/../../../../arm-none-eabi/lib/thumb/v7e-m+fp/hard/libc_nano.a(libc_a-stdio.o)
                              /usr/lib/gcc/arm-none-eabi/13.1.0/../../../../arm-none-eabi/lib/thumb/v7e-m+fp/hard/libc_nano.a(libc_a-findfp.o) (__sread)
/usr/lib/gcc/arm-none-eabi/13.1.0/../../../../arm-none-eabi/lib/thumb/v7e-m+fp/hard/libc_nano.a(libc_a-memset.o)
                              /usr/lib/gcc/arm-none-eabi/13.1.0/../../../../arm-none-eabi/lib/thumb/v7e-m+fp/hard/crt0.o (memset)
/usr/lib/gcc/arm-none-eabi/13.1.0/../../../../arm-none-eabi/lib/thumb/v7e-m+fp/hard/libc_nano.a(libc_a-closer.o)
                              /usr/lib/gcc/arm-none-eabi/13.1.0/../../../../arm-none-eabi/lib/thumb/v7e-m+fp/hard/libc_nano.a(libc_a-stdio.o) (_close_r)
/usr/lib/gcc/arm-none-eabi/13.1.0/../../../../arm-none-eabi/lib/thumb/v7e-m+fp/hard/libc_nano.a(libc_a-reent.o)
                              /usr/lib/gcc/arm-none-eabi/13.1.0/../../../../arm-none-eabi/lib/thumb/v7e-m+fp/hard/libc_nano.a(libc_a-closer.o) (errno)
/usr/lib/gcc/arm-none-eabi/13.1.0/../../../../arm-none-eabi/lib/thumb/v7e-m+fp/hard/libc_nano.a(libc_a-impure.o)
                              /usr/lib/gcc/arm-none-eabi/13.1.0/../../../../arm-none-eabi/lib/thumb/v7e-m+fp/hard/libc_nano.a(libc_a-reent.o) (_impure_ptr)
/usr/lib/gcc/arm-none-eabi/13.1.0/../../../../arm-none-eabi/lib/thumb/v7e-m+fp/hard/libc_nano.a(libc_a-lseekr.o)
                              /usr/lib/gcc/arm-none-eabi/13.1.0/../../../../arm-none-eabi/lib/thumb/v7e-m+fp/hard/libc_nano.a(libc_a-stdio.o) (_lseek_r)
/usr/lib/gcc/arm-none-eabi/13.1.0/../../../../arm-none-eabi/lib/thumb/v7e-m+fp/hard/libc_nano.a(libc_a-readr.o)
                              /usr/lib/gcc/arm-none-eabi/13.1.0/../../../../arm-none-eabi/lib/thumb/v7e-m+fp/hard/libc_nano.a(libc_a-stdio.o) (_read_r)
/usr/lib/gcc/arm-none-eabi/13.1.0/../../../../arm-none-eabi/lib/thumb/v7e-m+fp/hard/libc_nano.a(libc_a-writer.o)
                              /usr/lib/gcc/arm-none-eabi/13.1.0/../../../../arm-none-eabi/lib/thumb/v7e-m+fp/hard/libc_nano.a(libc_a-stdio.o) (_write_r)
/usr/lib/gcc/arm-none-eabi/13.1.0/../../../../arm-none-eabi/lib/thumb/v7e-m+fp/hard/libc_nano.a(libc_a-errno.o)
                              build/syscalls.o (__errno)
/usr/lib/gcc/arm-none-eabi/13.1.0/../../../../arm-none-eabi/lib/thumb/v7e-m+fp/hard/libc_nano.a(libc_a-init.o)
                              /usr/lib/gcc/arm-none-eabi/13.1.0/../../../../arm-none-eabi/lib/thumb/v7e-m+fp/hard/crt0.o (__libc_init_array)
/usr/lib/gcc/arm-none-eabi/13.1.0/../../../../arm-none-eabi/lib/thumb/v7e-m+fp/hard/libc_nano.a(libc_a-fini.o)
                              /usr/lib/gcc/arm-none-eabi/13.1.0/../../../../arm-none-eabi/lib/thumb/v7e-m+fp/hard/crt0.o (__libc_fini_array)
/usr/lib/gcc/arm-none-eabi/13.1.0/../../../../arm-none-eabi/lib/thumb/v7e-m+fp/hard/libc_nano.a(libc_a-lock.o)
                              /usr/lib/gcc/arm-none-eabi/13.1.0/../../../../arm-none-eabi/lib/thumb/v7e-m+fp/hard/libc_nano.a(libc_a-findfp.o) (__retarget_lock_init_recursive)
/usr/lib/gcc/arm-none-eabi/13.1.0/../../../../arm-none-eabi/lib/thumb/v7e-m+fp/hard/libc_nano.a(libc_a-__atexit.o)
                              /usr/lib/gcc/arm-none-eabi/13.1.0/../../../../arm-none-eabi/lib/thumb/v7e-m+fp/hard/libc_nano.a(libc_a-atexit.o) (__register_exitproc)
/usr/lib/gcc/arm-none-eabi/13.1.0/../../../../arm-none-eabi/lib/thumb/v7e-m+fp/hard/libc_nano.a(libc_a-__call_atexit.o)
                              /usr/lib/gcc/arm-none-eabi/13.1.0/../../../../arm-none-eabi/lib/thumb/v7e-m+fp/hard/libc_nano.a(libc_a-__atexit.o) (__call_exitprocs)
/usr/lib/gcc/arm-none-eabi/13.1.0/../../../../arm-none-eabi/lib/thumb/v7e-m+fp/hard/libc_nano.a(libc_a-freer.o)
                              /usr/lib/gcc/arm-none-eabi/13.1.0/../../../../arm-none-eabi/lib/thumb/v7e-m+fp/hard/libc_nano.a(libc_a-reent.o) (_free_r)
[...]
Memory Configuration

Name             Origin             Length             Attributes
RAM              0x20000000         0x00004000         xrw
FLASH            0x08000000         0x00010000         xr
*default*        0x00000000         0xffffffff

Linker script and memory map

LOAD /usr/lib/gcc/arm-none-eabi/13.1.0/thumb/v7e-m+fp/hard/crti.o
LOAD /usr/lib/gcc/arm-none-eabi/13.1.0/thumb/v7e-m+fp/hard/crtbegin.o
LOAD /usr/lib/gcc/arm-none-eabi/13.1.0/../../../../arm-none-eabi/lib/thumb/v7e-m+fp/hard/crt0.o
LOAD build/asserts.o
LOAD build/backdoor.o
LOAD build/boot.o
LOAD build/can.o
LOAD build/com.o
LOAD build/cop.o
LOAD build/cpu.o
LOAD build/flash.o
LOAD build/hooks.o
LOAD build/led.o
LOAD build/net.o
LOAD build/nvm.o
LOAD build/rs232.o
LOAD build/timer.o
LOAD build/xcp.o
LOAD build/main.o
LOAD build/stm32f3xx_hal_msp.o
LOAD build/stm32f3xx_it.o
LOAD build/syscalls.o
LOAD build/sysmem.o
LOAD build/system_stm32f3xx.o
LOAD build/stm32f3xx_hal.o
LOAD build/stm32f3xx_hal_can.o
LOAD build/stm32f3xx_hal_cortex.o
LOAD build/stm32f3xx_hal_dma.o
LOAD build/stm32f3xx_hal_exti.o
LOAD build/stm32f3xx_hal_flash.o
LOAD build/stm32f3xx_hal_flash_ex.o
LOAD build/stm32f3xx_hal_gpio.o
LOAD build/stm32f3xx_hal_i2c.o
LOAD build/stm32f3xx_hal_i2c_ex.o
LOAD build/stm32f3xx_hal_pwr.o
LOAD build/stm32f3xx_hal_pwr_ex.o
LOAD build/stm32f3xx_hal_rcc.o
LOAD build/stm32f3xx_hal_rcc_ex.o
LOAD build/stm32f3xx_hal_tim.o
LOAD build/stm32f3xx_hal_tim_ex.o
LOAD build/stm32f3xx_ll_exti.o
LOAD build/stm32f3xx_ll_rcc.o
LOAD build/stm32f3xx_ll_utils.o
LOAD build/startup_stm32f302x8.o
LOAD /usr/lib/gcc/arm-none-eabi/13.1.0/../../../../arm-none-eabi/lib/thumb/v7e-m+fp/hard/libc_nano.a
LOAD /usr/lib/gcc/arm-none-eabi/13.1.0/../../../../arm-none-eabi/lib/thumb/v7e-m+fp/hard/libm.a
LOAD /usr/lib/gcc/arm-none-eabi/13.1.0/../../../../arm-none-eabi/lib/thumb/v7e-m+fp/hard/libnosys.a
START GROUP
LOAD /usr/lib/gcc/arm-none-eabi/13.1.0/thumb/v7e-m+fp/hard/libgcc.a
LOAD /usr/lib/gcc/arm-none-eabi/13.1.0/../../../../arm-none-eabi/lib/thumb/v7e-m+fp/hard/libc_nano.a
END GROUP
START GROUP
LOAD /usr/lib/gcc/arm-none-eabi/13.1.0/thumb/v7e-m+fp/hard/libgcc.a
LOAD /usr/lib/gcc/arm-none-eabi/13.1.0/../../../../arm-none-eabi/lib/thumb/v7e-m+fp/hard/libc_nano.a
END GROUP
LOAD /usr/lib/gcc/arm-none-eabi/13.1.0/thumb/v7e-m+fp/hard/crtend.o
LOAD /usr/lib/gcc/arm-none-eabi/13.1.0/thumb/v7e-m+fp/hard/crtn.o
                0x20004000                        _estack = (ORIGIN (RAM) + LENGTH (RAM))
                0x00000200                        _Min_Heap_Size = 0x200
                0x00000400                        _Min_Stack_Size = 0x400

.isr_vector     0x08000000      0x188
                0x08000000                        . = ALIGN (0x4)
 *(.isr_vector)
 .isr_vector    0x08000000      0x188 build/startup_stm32f302x8.o
                0x08000000                g_pfnVectors
                0x08000188                        . = ALIGN (0x4)

.text           0x08000188     0x1e10
                0x08000188                        . = ALIGN (0x4)
 *(.text)
 *(.text*)
 .text.__do_global_dtors_aux
                0x08000188       0x24 /usr/lib/gcc/arm-none-eabi/13.1.0/thumb/v7e-m+fp/hard/crtbegin.o
 .text.frame_dummy
                0x080001ac       0x1c /usr/lib/gcc/arm-none-eabi/13.1.0/thumb/v7e-m+fp/hard/crtbegin.o
 .text.BackDoorCheck
                0x080001c8       0x44 build/backdoor.o
                0x080001c8                BackDoorCheck
 .text.BackDoorRestartTimer
                0x0800020c       0x20 build/backdoor.o
                0x0800020c                BackDoorRestartTimer
 .text.BackDoorInit
                0x0800022c       0x18 build/backdoor.o
                0x0800022c                BackDoorInit
 .text.BootInit
                0x08000244       0x26 build/boot.o
                0x08000244                BootInit
 .text.BootTask
                0x0800026a       0x18 build/boot.o
                0x0800026a                BootTask
 .text.CpuIrqDisable
                0x08000282        0x4 build/boot.o
                0x08000282                CpuIrqDisable
 .text.CpuIrqEnable
                0x08000286        0x4 build/boot.o
                0x08000286                CpuIrqEnable
 *fill*         0x0800028a        0x2 
 .text.CanInit  0x0800028c       0x70 build/can.o
                0x0800028c                CanInit
 .text.CanTransmitPacket
                0x080002fc       0x4c build/can.o
                0x080002fc                CanTransmitPacket
 .text.CanReceivePacket
                0x08000348       0x30 build/can.o
                0x08000348                CanReceivePacket
 .text.ComInit  0x08000378       0x18 build/com.o
                0x08000378                ComInit
 .text.ComTask  0x08000390       0x34 build/com.o
                0x08000390                ComTask
 .text.ComFree  0x080003c4        0x2 build/com.o
                0x080003c4                ComFree
 *fill*         0x080003c6        0x2 
 .text.ComTransmitPacket
                0x080003c8       0x1c build/com.o
                0x080003c8                ComTransmitPacket
 .text.ComGetActiveInterfaceMaxRxLen
                0x080003e4       0x24 build/com.o
                0x080003e4                ComGetActiveInterfaceMaxRxLen
 .text.ComGetActiveInterfaceMaxTxLen
                0x08000408       0x24 build/com.o
                0x08000408                ComGetActiveInterfaceMaxTxLen
 .text.ComIsConnected
                0x0800042c        0xc build/com.o
                0x0800042c                ComIsConnected
 .text.CopInit  0x08000438        0x2 build/cop.o
                0x08000438                CopInit
 .text.CopService
                0x0800043a        0x2 build/cop.o
                0x0800043a                CopService
 .text.CpuInit  0x0800043c        0x8 build/cpu.o
                0x0800043c                CpuInit
 .text.CpuStartUserProgram
                0x08000444       0x40 build/cpu.o
                0x08000444                CpuStartUserProgram
 .text.CpuMemCopy
                0x08000484       0x20 build/cpu.o
                0x08000484                CpuMemCopy
 .text.FlashInitBlock
                0x080004a4       0x26 build/flash.o
 .text.FlashWriteBlock
                0x080004ca       0x50 build/flash.o
 *fill*         0x0800051a        0x2 
 .text.FlashSwitchBlock
                0x0800051c       0x44 build/flash.o
 .text.FlashAddToBlock
                0x08000560       0x80 build/flash.o
 .text.FlashInit
                0x080005e0       0x18 build/flash.o
                0x080005e0                FlashInit
 .text.FlashWrite
                0x080005f8       0x60 build/flash.o
                0x080005f8                FlashWrite
 .text.FlashErase
                0x08000658       0x90 build/flash.o
                0x08000658                FlashErase
 .text.FlashWriteChecksum
                0x080006e8       0x60 build/flash.o
                0x080006e8                FlashWriteChecksum
 .text.FlashVerifyChecksum
                0x08000748       0x30 build/flash.o
                0x08000748                FlashVerifyChecksum
 .text.FlashDone
                0x08000778       0x3c build/flash.o
                0x08000778                FlashDone
 .text.FlashGetUserProgBaseAddress
                0x080007b4        0x8 build/flash.o
                0x080007b4                FlashGetUserProgBaseAddress
 .text.CpuUserProgramStartHook
                0x080007bc        0xa build/hooks.o
                0x080007bc                CpuUserProgramStartHook
 *fill*         0x080007c6        0x2 
 .text.LedBlinkInit
                0x080007c8        0xc build/led.o
                0x080007c8                LedBlinkInit
 .text.LedBlinkTask
                0x080007d4       0x74 build/led.o
                0x080007d4                LedBlinkTask
 .text.NvmInit  0x08000848        0x8 build/nvm.o
                0x08000848                NvmInit
 .text.NvmWrite
                0x08000850        0x8 build/nvm.o
                0x08000850                NvmWrite
 .text.NvmErase
                0x08000858        0x8 build/nvm.o
                0x08000858                NvmErase
 .text.NvmVerifyChecksum
                0x08000860        0x8 build/nvm.o
                0x08000860                NvmVerifyChecksum
 .text.NvmGetUserProgBaseAddress
                0x08000868        0x8 build/nvm.o
                0x08000868                NvmGetUserProgBaseAddress
 .text.NvmDone  0x08000870       0x10 build/nvm.o
                0x08000870                NvmDone
 .text.TimerReset
                0x08000880        0xe build/timer.o
                0x08000880                TimerReset
 *fill*         0x0800088e        0x2 
 .text.TimerInit
                0x08000890       0x24 build/timer.o
                0x08000890                TimerInit
 .text.TimerUpdate
                0x080008b4       0x1c build/timer.o
                0x080008b4                TimerUpdate
 .text.TimerGet
                0x080008d0       0x10 build/timer.o
                0x080008d0                TimerGet
 .text.HAL_GetTick
                0x080008e0        0x8 build/timer.o
                0x080008e0                HAL_GetTick
 .text.XcpProtectResources
                0x080008e8       0x10 build/xcp.o
 .text.XcpSetCtoError
                0x080008f8       0x14 build/xcp.o
 .text.XcpGetOrderedLong
                0x0800090c       0x16 build/xcp.o
 .text.XcpSetOrderedLong
                0x08000922       0x14 build/xcp.o
 *fill*         0x08000936        0x2 
 .text.XcpCmdDisconnect
                0x08000938       0x20 build/xcp.o
 .text.XcpCmdGetStatus
                0x08000958       0x24 build/xcp.o
 .text.XcpCmdSynch
                0x0800097c        0xa build/xcp.o
 *fill*         0x08000986        0x2 
 .text.XcpCmdGetId
                0x08000988       0x2c build/xcp.o
 .text.XcpCmdSetMta
                0x080009b4       0x1c build/xcp.o
 .text.XcpCmdProgramPrepare
                0x080009d0        0xa build/xcp.o
 *fill*         0x080009da        0x2 
 .text.XcpCmdProgramStart
                0x080009dc       0x28 build/xcp.o
 .text.XcpCmdConnect
                0x08000a04       0x48 build/xcp.o
 .text.XcpCmdUpload
                0x08000a4c       0x3c build/xcp.o
 .text.XcpCmdShortUpload
                0x08000a88       0x44 build/xcp.o
 .text.XcpComputeChecksum
                0x08000acc       0x24 build/xcp.o
 .text.XcpCmdBuildCheckSum
                0x08000af0       0x3c build/xcp.o
 .text.XcpCmdProgramMax
                0x08000b2c       0x40 build/xcp.o
 .text.XcpCmdProgram
                0x08000b6c       0x5c build/xcp.o
 .text.XcpCmdProgramClear
                0x08000bc8       0x30 build/xcp.o
 .text.XcpCmdProgramReset
                0x08000bf8       0x18 build/xcp.o
 .text.XcpTransmitPacket
                0x08000c10        0xa build/xcp.o
 *fill*         0x08000c1a        0x2 
 .text.XcpInit  0x08000c1c       0x20 build/xcp.o
                0x08000c1c                XcpInit
 .text.XcpIsConnected
                0x08000c3c       0x10 build/xcp.o
                0x08000c3c                XcpIsConnected
 .text.XcpPacketTransmitted
                0x08000c4c       0x10 build/xcp.o
                0x08000c4c                XcpPacketTransmitted
 .text.XcpPacketReceived
                0x08000c5c       0xe4 build/xcp.o
                0x08000c5c                XcpPacketReceived
 .text.MX_GPIO_Init
                0x08000d40       0xa0 build/main.o
 .text.Error_Handler
                0x08000de0        0x4 build/main.o
                0x08000de0                Error_Handler
 .text.MX_CAN_Init
                0x08000de4       0x40 build/main.o
 .text.SystemClock_Config
                0x08000e24       0xb0 build/main.o
                0x08000e24                SystemClock_Config
 .text.main     0x08000ed4       0x1c build/main.o
                0x08000ed4                main
 .text.HAL_MspInit
                0x08000ef0       0x30 build/stm32f3xx_hal_msp.o
                0x08000ef0                HAL_MspInit
 .text.HAL_CAN_MspInit
                0x08000f20       0x98 build/stm32f3xx_hal_msp.o
                0x08000f20                HAL_CAN_MspInit
 .text.NMI_Handler
                0x08000fb8        0x2 build/stm32f3xx_it.o
                0x08000fb8                NMI_Handler
 .text.HardFault_Handler
                0x08000fba        0x2 build/stm32f3xx_it.o
                0x08000fba                HardFault_Handler
 .text.MemManage_Handler
                0x08000fbc        0x2 build/stm32f3xx_it.o
                0x08000fbc                MemManage_Handler
 .text.BusFault_Handler
                0x08000fbe        0x2 build/stm32f3xx_it.o
                0x08000fbe                BusFault_Handler
 .text.UsageFault_Handler
                0x08000fc0        0x2 build/stm32f3xx_it.o
                0x08000fc0                UsageFault_Handler
 .text.SVC_Handler
                0x08000fc2        0x2 build/stm32f3xx_it.o
                0x08000fc2                SVC_Handler
 .text.DebugMon_Handler
                0x08000fc4        0x2 build/stm32f3xx_it.o
                0x08000fc4                DebugMon_Handler
 .text.PendSV_Handler
                0x08000fc6        0x2 build/stm32f3xx_it.o
                0x08000fc6                PendSV_Handler
 .text.SysTick_Handler
                0x08000fc8       0x40 build/stm32f3xx_it.o
                0x08000fc8                SysTick_Handler
 .text.USB_LP_CAN_RX0_IRQHandler
                0x08001008       0x10 build/stm32f3xx_it.o
                0x08001008                USB_LP_CAN_RX0_IRQHandler
 .text.CAN_RX1_IRQHandler
                0x08001018       0x10 build/stm32f3xx_it.o
                0x08001018                CAN_RX1_IRQHandler
 .text.CAN_SCE_IRQHandler
                0x08001028       0x10 build/stm32f3xx_it.o
                0x08001028                CAN_SCE_IRQHandler
 .text.SystemInit
                0x08001038       0x14 build/system_stm32f3xx.o
                0x08001038                SystemInit
 .text.HAL_MspDeInit
                0x0800104c        0x2 build/stm32f3xx_hal.o
                0x0800104c                HAL_MspDeInit
 *fill*         0x0800104e        0x2 
 .text.HAL_DeInit
                0x08001050       0x24 build/stm32f3xx_hal.o
                0x08001050                HAL_DeInit
 .text.HAL_InitTick
                0x08001074       0x4c build/stm32f3xx_hal.o
                0x08001074                HAL_InitTick
 .text.HAL_Init
                0x080010c0       0x24 build/stm32f3xx_hal.o
                0x080010c0                HAL_Init
 .text.HAL_IncTick
                0x080010e4       0x18 build/stm32f3xx_hal.o
                0x080010e4                HAL_IncTick
 .text.HAL_CAN_Init
                0x080010fc      0x14c build/stm32f3xx_hal_can.o
                0x080010fc                HAL_CAN_Init
 .text.HAL_CAN_ConfigFilter
                0x08001248      0x106 build/stm32f3xx_hal_can.o
                0x08001248                HAL_CAN_ConfigFilter
 .text.HAL_CAN_Start
                0x0800134e       0x5c build/stm32f3xx_hal_can.o
                0x0800134e                HAL_CAN_Start
 .text.HAL_CAN_AddTxMessage
                0x080013aa       0xea build/stm32f3xx_hal_can.o
                0x080013aa                HAL_CAN_AddTxMessage
 .text.HAL_CAN_IsTxMessagePending
                0x08001494       0x26 build/stm32f3xx_hal_can.o
                0x08001494                HAL_CAN_IsTxMessagePending
 .text.HAL_CAN_GetRxMessage
                0x080014ba      0x16a build/stm32f3xx_hal_can.o
                0x080014ba                HAL_CAN_GetRxMessage
 .text.HAL_CAN_TxMailbox0CompleteCallback
                0x08001624        0x2 build/stm32f3xx_hal_can.o
                0x08001624                HAL_CAN_TxMailbox0CompleteCallback
 .text.HAL_CAN_TxMailbox1CompleteCallback
                0x08001626        0x2 build/stm32f3xx_hal_can.o
                0x08001626                HAL_CAN_TxMailbox1CompleteCallback
 .text.HAL_CAN_TxMailbox2CompleteCallback
                0x08001628        0x2 build/stm32f3xx_hal_can.o
                0x08001628                HAL_CAN_TxMailbox2CompleteCallback
 .text.HAL_CAN_TxMailbox0AbortCallback
                0x0800162a        0x2 build/stm32f3xx_hal_can.o
                0x0800162a                HAL_CAN_TxMailbox0AbortCallback
 .text.HAL_CAN_TxMailbox1AbortCallback
                0x0800162c        0x2 build/stm32f3xx_hal_can.o
                0x0800162c                HAL_CAN_TxMailbox1AbortCallback
 .text.HAL_CAN_TxMailbox2AbortCallback
                0x0800162e        0x2 build/stm32f3xx_hal_can.o
                0x0800162e                HAL_CAN_TxMailbox2AbortCallback
 .text.HAL_CAN_RxFifo0MsgPendingCallback
                0x08001630        0x2 build/stm32f3xx_hal_can.o
                0x08001630                HAL_CAN_RxFifo0MsgPendingCallback
 .text.HAL_CAN_RxFifo0FullCallback
                0x08001632        0x2 build/stm32f3xx_hal_can.o
                0x08001632                HAL_CAN_RxFifo0FullCallback
 .text.HAL_CAN_RxFifo1MsgPendingCallback
                0x08001634        0x2 build/stm32f3xx_hal_can.o
                0x08001634                HAL_CAN_RxFifo1MsgPendingCallback
 .text.HAL_CAN_RxFifo1FullCallback
                0x08001636        0x2 build/stm32f3xx_hal_can.o
                0x08001636                HAL_CAN_RxFifo1FullCallback
 .text.HAL_CAN_SleepCallback
                0x08001638        0x2 build/stm32f3xx_hal_can.o
                0x08001638                HAL_CAN_SleepCallback
 .text.HAL_CAN_WakeUpFromRxMsgCallback
                0x0800163a        0x2 build/stm32f3xx_hal_can.o
                0x0800163a                HAL_CAN_WakeUpFromRxMsgCallback
 .text.HAL_CAN_ErrorCallback
                0x0800163c        0x2 build/stm32f3xx_hal_can.o
                0x0800163c                HAL_CAN_ErrorCallback
 .text.HAL_CAN_IRQHandler
                0x0800163e      0x250 build/stm32f3xx_hal_can.o
                0x0800163e                HAL_CAN_IRQHandler
 *fill*         0x0800188e        0x2 
 .text.__NVIC_SetPriority
                0x08001890       0x28 build/stm32f3xx_hal_cortex.o
 .text.NVIC_EncodePriority
                0x080018b8       0x3e build/stm32f3xx_hal_cortex.o
 *fill*         0x080018f6        0x2 
 .text.HAL_NVIC_SetPriorityGrouping
                0x080018f8       0x24 build/stm32f3xx_hal_cortex.o
                0x080018f8                HAL_NVIC_SetPriorityGrouping
 .text.HAL_NVIC_SetPriority
                0x0800191c       0x20 build/stm32f3xx_hal_cortex.o
                0x0800191c                HAL_NVIC_SetPriority
 .text.HAL_NVIC_EnableIRQ
                0x0800193c       0x1c build/stm32f3xx_hal_cortex.o
                0x0800193c                HAL_NVIC_EnableIRQ
 .text.HAL_SYSTICK_Config
                0x08001958       0x28 build/stm32f3xx_hal_cortex.o
                0x08001958                HAL_SYSTICK_Config
 .text.FLASH_Program_HalfWord
                0x08001980       0x1c build/stm32f3xx_hal_flash.o
 .text.FLASH_SetErrorCode
                0x0800199c       0x3c build/stm32f3xx_hal_flash.o
 .text.HAL_FLASH_Unlock
                0x080019d8       0x34 build/stm32f3xx_hal_flash.o
                0x080019d8                HAL_FLASH_Unlock
 .text.HAL_FLASH_Lock
                0x08001a0c       0x14 build/stm32f3xx_hal_flash.o
                0x08001a0c                HAL_FLASH_Lock
 .text.FLASH_WaitForLastOperation
                0x08001a20       0x60 build/stm32f3xx_hal_flash.o
                0x08001a20                FLASH_WaitForLastOperation
 .text.HAL_FLASH_Program
                0x08001a80       0xa0 build/stm32f3xx_hal_flash.o
                0x08001a80                HAL_FLASH_Program
 .text.FLASH_MassErase
                0x08001b20       0x24 build/stm32f3xx_hal_flash_ex.o
 .text.FLASH_PageErase
                0x08001b44       0x24 build/stm32f3xx_hal_flash_ex.o
                0x08001b44                FLASH_PageErase
 .text.HAL_FLASHEx_Erase
                0x08001b68       0xa4 build/stm32f3xx_hal_flash_ex.o
                0x08001b68                HAL_FLASHEx_Erase
 .text.HAL_GPIO_Init
                0x08001c0c      0x1bc build/stm32f3xx_hal_gpio.o
                0x08001c0c                HAL_GPIO_Init
 .text.HAL_GPIO_WritePin
                0x08001dc8        0xa build/stm32f3xx_hal_gpio.o
                0x08001dc8                HAL_GPIO_WritePin
 .text.HAL_GPIO_TogglePin
                0x08001dd2       0x12 build/stm32f3xx_hal_gpio.o
                0x08001dd2                HAL_GPIO_TogglePin
 .text.HAL_RCC_DeInit
                0x08001de4       0xf4 build/stm32f3xx_hal_rcc.o
                0x08001de4                HAL_RCC_DeInit
 .text.LL_SetSystemCoreClock
                0x08001ed8        0xc build/stm32f3xx_ll_utils.o
                0x08001ed8                LL_SetSystemCoreClock
 .text.Reset_Handler
                0x08001ee4       0x50 build/startup_stm32f302x8.o
                0x08001ee4                Reset_Handler
 .text.Default_Handler
                0x08001f34        0x2 build/startup_stm32f302x8.o
                0x08001f34                RTC_Alarm_IRQHandler
                0x08001f34                TIM1_CC_IRQHandler
                0x08001f34                USB_HP_IRQHandler
                0x08001f34                PVD_IRQHandler
                0x08001f34                TAMP_STAMP_IRQHandler
                0x08001f34                EXTI3_IRQHandler
                0x08001f34                I2C3_ER_IRQHandler
                0x08001f34                USB_HP_CAN_TX_IRQHandler
                0x08001f34                EXTI0_IRQHandler
                0x08001f34                I2C2_EV_IRQHandler
                0x08001f34                FPU_IRQHandler
                0x08001f34                TIM1_UP_TIM16_IRQHandler
                0x08001f34                TIM6_DAC_IRQHandler
                0x08001f34                DMA1_Channel4_IRQHandler
                0x08001f34                ADC1_IRQHandler
                0x08001f34                USART3_IRQHandler
                0x08001f34                DMA1_Channel7_IRQHandler
                0x08001f34                I2C1_EV_IRQHandler
                0x08001f34                DMA1_Channel6_IRQHandler
                0x08001f34                RCC_IRQHandler
                0x08001f34                DMA1_Channel1_IRQHandler
                0x08001f34                Default_Handler
                0x08001f34                USBWakeUp_RMP_IRQHandler
                0x08001f34                EXTI15_10_IRQHandler
                0x08001f34                COMP2_IRQHandler
                0x08001f34                I2C3_EV_IRQHandler
                0x08001f34                EXTI9_5_IRQHandler
                0x08001f34                RTC_WKUP_IRQHandler
                0x08001f34                SPI2_IRQHandler
                0x08001f34                DMA1_Channel5_IRQHandler
                0x08001f34                USB_LP_IRQHandler
                0x08001f34                EXTI4_IRQHandler
                0x08001f34                TIM1_TRG_COM_TIM17_IRQHandler
                0x08001f34                DMA1_Channel3_IRQHandler
                0x08001f34                WWDG_IRQHandler
                0x08001f34                TIM2_IRQHandler
                0x08001f34                EXTI1_IRQHandler
                0x08001f34                COMP4_6_IRQHandler
                0x08001f34                USART2_IRQHandler
                0x08001f34                I2C2_ER_IRQHandler
                0x08001f34                DMA1_Channel2_IRQHandler
                0x08001f34                FLASH_IRQHandler
                0x08001f34                USART1_IRQHandler
                0x08001f34                SPI3_IRQHandler
                0x08001f34                I2C1_ER_IRQHandler
                0x08001f34                USBWakeUp_IRQHandler
                0x08001f34                EXTI2_TSC_IRQHandler
                0x08001f34                TIM1_BRK_TIM15_IRQHandler
 *fill*         0x08001f36        0x2 
 .text.__libc_init_array
                0x08001f38       0x48 /usr/lib/gcc/arm-none-eabi/13.1.0/../../../../arm-none-eabi/lib/thumb/v7e-m+fp/hard/libc_nano.a(libc_a-init.o)
                0x08001f38                __libc_init_array
 *(.glue_7)
 .glue_7        0x08001f80        0x0 linker stubs
 *(.glue_7t)
 .glue_7t       0x08001f80        0x0 linker stubs
 *(.eh_frame)
 .eh_frame      0x08001f80        0x0 /usr/lib/gcc/arm-none-eabi/13.1.0/thumb/v7e-m+fp/hard/crtbegin.o
 *(.init)
 .init          0x08001f80        0x4 /usr/lib/gcc/arm-none-eabi/13.1.0/thumb/v7e-m+fp/hard/crti.o
                0x08001f80                _init
 .init          0x08001f84        0x8 /usr/lib/gcc/arm-none-eabi/13.1.0/thumb/v7e-m+fp/hard/crtn.o
 *(.fini)
 .fini          0x08001f8c        0x4 /usr/lib/gcc/arm-none-eabi/13.1.0/thumb/v7e-m+fp/hard/crti.o
                0x08001f8c                _fini
 .fini          0x08001f90        0x8 /usr/lib/gcc/arm-none-eabi/13.1.0/thumb/v7e-m+fp/hard/crtn.o
                0x08001f98                        . = ALIGN (0x4)
                0x08001f98                        _etext = .

.vfp11_veneer   0x08001f98        0x0
 .vfp11_veneer  0x08001f98        0x0 linker stubs

.v4_bx          0x08001f98        0x0
 .v4_bx         0x08001f98        0x0 linker stubs

.iplt           0x08001f98        0x0
 .iplt          0x08001f98        0x0 /usr/lib/gcc/arm-none-eabi/13.1.0/thumb/v7e-m+fp/hard/crtbegin.o

.rodata         0x08001f98        0x8
                0x08001f98                        . = ALIGN (0x4)
 *(.rodata)
 *(.rodata*)
 .rodata.xcpStationId
                0x08001f98        0x8 build/xcp.o
                0x08001fa0                        . = ALIGN (0x4)

.rel.dyn        0x08001fa0        0x0
 .rel.iplt      0x08001fa0        0x0 /usr/lib/gcc/arm-none-eabi/13.1.0/thumb/v7e-m+fp/hard/crtbegin.o

.ARM.extab
 *(.ARM.extab* .gnu.linkonce.armextab.*)

.ARM            0x08001fa0        0x0
                0x08001fa0                        __exidx_start = .
 *(.ARM.exidx*)
                0x08001fa0                        __exidx_end = .

.preinit_array  0x08001fa0        0x0
                0x08001fa0                        PROVIDE (__preinit_array_start = .)
 *(.preinit_array*)
                0x08001fa0                        PROVIDE (__preinit_array_end = .)

.init_array     0x08001fa0        0x4
                0x08001fa0                        PROVIDE (__init_array_start = .)
 *(SORT_BY_NAME(.init_array.*))
 *(.init_array*)
 .init_array    0x08001fa0        0x4 /usr/lib/gcc/arm-none-eabi/13.1.0/thumb/v7e-m+fp/hard/crtbegin.o
                0x08001fa4                        PROVIDE (__init_array_end = .)

.fini_array     0x08001fa4        0x4
                0x08001fa4                        PROVIDE (__fini_array_start = .)
 *(SORT_BY_NAME(.fini_array.*))
 *(.fini_array*)
 .fini_array    0x08001fa4        0x4 /usr/lib/gcc/arm-none-eabi/13.1.0/thumb/v7e-m+fp/hard/crtbegin.o
                0x08001fa8                        PROVIDE (__fini_array_end = .)
                0x08001fa8                        _sidata = LOADADDR (.data)

.data           0x20000000       0x10 load address 0x08001fa8
                0x20000000                        . = ALIGN (0x4)
                0x20000000                        _sdata = .
 *(.data)
 *(.data*)
 .data.comActiveInterface
                0x20000000        0x1 build/com.o
 *fill*         0x20000001        0x3 
 .data.SystemCoreClock
                0x20000004        0x4 build/system_stm32f3xx.o
                0x20000004                SystemCoreClock
 .data.uwTickFreq
                0x20000008        0x1 build/stm32f3xx_hal.o
                0x20000008                uwTickFreq
 *fill*         0x20000009        0x3 
 .data.uwTickPrio
                0x2000000c        0x4 build/stm32f3xx_hal.o
                0x2000000c                uwTickPrio
                0x20000010                        . = ALIGN (0x4)
                0x20000010                        _edata = .

.igot.plt       0x20000010        0x0 load address 0x08001fb8
 .igot.plt      0x20000010        0x0 /usr/lib/gcc/arm-none-eabi/13.1.0/thumb/v7e-m+fp/hard/crtbegin.o
                0x20000010                        . = ALIGN (0x4)

.bss            0x20000010      0x548 load address 0x08001fb8
                0x20000010                        _sbss = .
                0x20000010                        __bss_start__ = _sbss
 *(.bss)
 *(.bss*)
 .bss.completed.1
                0x20000010        0x1 /usr/lib/gcc/arm-none-eabi/13.1.0/thumb/v7e-m+fp/hard/crtbegin.o
 *fill*         0x20000011        0x3 
 .bss.object.0  0x20000014       0x18 /usr/lib/gcc/arm-none-eabi/13.1.0/thumb/v7e-m+fp/hard/crtbegin.o
 .bss.backdoorExtensionTime
                0x2000002c        0x4 build/backdoor.o
 .bss.backdoorOpenTime
                0x20000030        0x4 build/backdoor.o
 .bss.backdoorOpen
                0x20000034        0x1 build/backdoor.o
 *fill*         0x20000035        0x3 
 .bss.canHandle
                0x20000038       0x28 build/can.o
 .bss.xcpCtoReqPacket.0
                0x20000060       0x40 build/com.o
 .bss.bootBlockInfo
                0x200000a0      0x204 build/flash.o
 .bss.blockInfo
                0x200002a4      0x204 build/flash.o
 .bss.ledOn.0   0x200004a8        0x1 build/led.o
 *fill*         0x200004a9        0x3 
 .bss.nextBlinkEvent.1
                0x200004ac        0x4 build/led.o
 .bss.ledBlinkIntervalMs
                0x200004b0        0x4 build/led.o
 .bss.millisecond_counter
                0x200004b4        0x4 build/timer.o
 .bss.xcpInfo   0x200004b8       0x4c build/xcp.o
 .bss.hcan      0x20000504       0x28 build/main.o
                0x20000504                hcan
 .bss.lastTimer
                0x2000052c        0x4 build/stm32f3xx_it.o
                0x2000052c                lastTimer
 .bss.uwTick    0x20000530        0x4 build/stm32f3xx_hal.o
                0x20000530                uwTick
 *fill*         0x20000534        0x4 
 .bss.pFlash    0x20000538       0x20 build/stm32f3xx_hal_flash.o
                0x20000538                pFlash
 *(COMMON)
                0x20000558                        . = ALIGN (0x4)
                0x20000558                        _ebss = .
                0x20000558                        __bss_end__ = _ebss

._user_heap_stack
                0x20000558      0x600 load address 0x08001fb8
                0x20000558                        . = ALIGN (0x8)
                [!provide]                        PROVIDE (end = .)
                0x20000558                        PROVIDE (_end = .)
                0x20000758                        . = (. + _Min_Heap_Size)
 *fill*         0x20000558      0x200 
                0x20000b58                        . = (. + _Min_Stack_Size)
 *fill*         0x20000758      0x400 
                0x20000b58                        . = ALIGN (0x8)

/DISCARD/
 libc.a(*)
 libm.a(*)
 libgcc.a(*)

.ARM.attributes
                0x00000000       0x30
 *(.ARM.attributes)
 .ARM.attributes
                0x00000000       0x22 /usr/lib/gcc/arm-none-eabi/13.1.0/thumb/v7e-m+fp/hard/crti.o
 .ARM.attributes
                0x00000022       0x34 /usr/lib/gcc/arm-none-eabi/13.1.0/thumb/v7e-m+fp/hard/crtbegin.o
 .ARM.attributes
                0x00000056       0x34 build/backdoor.o
 .ARM.attributes
                0x0000008a       0x34 build/boot.o
 .ARM.attributes
                0x000000be       0x34 build/can.o
 .ARM.attributes
                0x000000f2       0x34 build/com.o
 .ARM.attributes
                0x00000126       0x34 build/cop.o
 .ARM.attributes
                0x0000015a       0x34 build/cpu.o
 .ARM.attributes
                0x0000018e       0x34 build/flash.o
 .ARM.attributes
                0x000001c2       0x34 build/hooks.o
 .ARM.attributes
                0x000001f6       0x34 build/led.o
 .ARM.attributes
                0x0000022a       0x34 build/nvm.o
 .ARM.attributes
                0x0000025e       0x34 build/timer.o
 .ARM.attributes
                0x00000292       0x34 build/xcp.o
 .ARM.attributes
                0x000002c6       0x34 build/main.o
 .ARM.attributes
                0x000002fa       0x34 build/stm32f3xx_hal_msp.o
 .ARM.attributes
                0x0000032e       0x34 build/stm32f3xx_it.o
 .ARM.attributes
                0x00000362       0x34 build/system_stm32f3xx.o
 .ARM.attributes
                0x00000396       0x34 build/stm32f3xx_hal.o
 .ARM.attributes
                0x000003ca       0x34 build/stm32f3xx_hal_can.o
 .ARM.attributes
                0x000003fe       0x34 build/stm32f3xx_hal_cortex.o
 .ARM.attributes
                0x00000432       0x34 build/stm32f3xx_hal_flash.o
 .ARM.attributes
                0x00000466       0x34 build/stm32f3xx_hal_flash_ex.o
 .ARM.attributes
                0x0000049a       0x34 build/stm32f3xx_hal_gpio.o
 .ARM.attributes
                0x000004ce       0x34 build/stm32f3xx_hal_rcc.o
 .ARM.attributes
                0x00000502       0x34 build/stm32f3xx_ll_utils.o
 .ARM.attributes
                0x00000536       0x21 build/startup_stm32f302x8.o
 .ARM.attributes
                0x00000557       0x34 /usr/lib/gcc/arm-none-eabi/13.1.0/../../../../arm-none-eabi/lib/thumb/v7e-m+fp/hard/libc_nano.a(libc_a-init.o)
 .ARM.attributes
                0x0000058b       0x22 /usr/lib/gcc/arm-none-eabi/13.1.0/thumb/v7e-m+fp/hard/crtn.o
OUTPUT(build/openBLT_Dash22.elf elf32-littlearm)
LOAD linker stubs
LOAD /usr/lib/gcc/arm-none-eabi/13.1.0/../../../../arm-none-eabi/lib/thumb/v7e-m+fp/hard/libc.a
LOAD /usr/lib/gcc/arm-none-eabi/13.1.0/../../../../arm-none-eabi/lib/thumb/v7e-m+fp/hard/libm.a
LOAD /usr/lib/gcc/arm-none-eabi/13.1.0/thumb/v7e-m+fp/hard/libgcc.a

.debug_info     0x00000000     0xb019
 .debug_info    0x00000000      0x170 build/backdoor.o
 .debug_info    0x00000170      0x19f build/boot.o
 .debug_info    0x0000030f      0x9f4 build/can.o
 .debug_info    0x00000d03      0x2cc build/com.o
 .debug_info    0x00000fcf       0x7f build/cop.o
 .debug_info    0x0000104e      0x48d build/cpu.o
 .debug_info    0x000014db      0x843 build/flash.o
 .debug_info    0x00001d1e       0xe7 build/hooks.o
 .debug_info    0x00001e05      0x363 build/led.o
 .debug_info    0x00002168      0x28e build/nvm.o
 .debug_info    0x000023f6      0x19a build/timer.o
 .debug_info    0x00002590      0xa29 build/xcp.o
 .debug_info    0x00002fb9      0xbf4 build/main.o
 .debug_info    0x00003bad      0xa12 build/stm32f3xx_hal_msp.o
 .debug_info    0x000045bf      0x6de build/stm32f3xx_it.o
 .debug_info    0x00004c9d      0x417 build/system_stm32f3xx.o
 .debug_info    0x000050b4      0x812 build/stm32f3xx_hal.o
 .debug_info    0x000058c6     0x11c0 build/stm32f3xx_hal_can.o
 .debug_info    0x00006a86      0xd03 build/stm32f3xx_hal_cortex.o
 .debug_info    0x00007789      0x649 build/stm32f3xx_hal_flash.o
 .debug_info    0x00007dd2      0xa58 build/stm32f3xx_hal_flash_ex.o
 .debug_info    0x0000882a      0x630 build/stm32f3xx_hal_gpio.o
 .debug_info    0x00008e5a     0x15b6 build/stm32f3xx_hal_rcc.o
 .debug_info    0x0000a410      0xace build/stm32f3xx_ll_utils.o
 .debug_info    0x0000aede       0x30 build/startup_stm32f302x8.o
 .debug_info    0x0000af0e      0x10b /usr/lib/gcc/arm-none-eabi/13.1.0/../../../../arm-none-eabi/lib/thumb/v7e-m+fp/hard/libc_nano.a(libc_a-init.o)

.debug_abbrev   0x00000000     0x2f68
 .debug_abbrev  0x00000000       0xe1 build/backdoor.o
 .debug_abbrev  0x000000e1       0xd4 build/boot.o
 .debug_abbrev  0x000001b5      0x2ba build/can.o
 .debug_abbrev  0x0000046f      0x1af build/com.o
 .debug_abbrev  0x0000061e       0x45 build/cop.o
 .debug_abbrev  0x00000663      0x1a4 build/cpu.o
 .debug_abbrev  0x00000807      0x247 build/flash.o
 .debug_abbrev  0x00000a4e       0x8e build/hooks.o
 .debug_abbrev  0x00000adc      0x183 build/led.o
 .debug_abbrev  0x00000c5f      0x129 build/nvm.o
 .debug_abbrev  0x00000d88       0xf4 build/timer.o
 .debug_abbrev  0x00000e7c      0x273 build/xcp.o
 .debug_abbrev  0x000010ef      0x30b build/main.o
 .debug_abbrev  0x000013fa      0x202 build/stm32f3xx_hal_msp.o
 .debug_abbrev  0x000015fc      0x20d build/stm32f3xx_it.o
 .debug_abbrev  0x00001809      0x11e build/system_stm32f3xx.o
 .debug_abbrev  0x00001927      0x241 build/stm32f3xx_hal.o
 .debug_abbrev  0x00001b68      0x23e build/stm32f3xx_hal_can.o
 .debug_abbrev  0x00001da6      0x36e build/stm32f3xx_hal_cortex.o
 .debug_abbrev  0x00002114      0x258 build/stm32f3xx_hal_flash.o
 .debug_abbrev  0x0000236c      0x2bd build/stm32f3xx_hal_flash_ex.o
 .debug_abbrev  0x00002629      0x1f8 build/stm32f3xx_hal_gpio.o
 .debug_abbrev  0x00002821      0x31e build/stm32f3xx_hal_rcc.o
 .debug_abbrev  0x00002b3f      0x33c build/stm32f3xx_ll_utils.o
 .debug_abbrev  0x00002e7b       0x24 build/startup_stm32f302x8.o
 .debug_abbrev  0x00002e9f       0xc9 /usr/lib/gcc/arm-none-eabi/13.1.0/../../../../arm-none-eabi/lib/thumb/v7e-m+fp/hard/libc_nano.a(libc_a-init.o)

.debug_aranges  0x00000000      0xa30
 .debug_aranges
                0x00000000       0x40 build/backdoor.o
 .debug_aranges
                0x00000040       0x38 build/boot.o
 .debug_aranges
                0x00000078       0x30 build/can.o
 .debug_aranges
                0x000000a8       0x50 build/com.o
 .debug_aranges
                0x000000f8       0x28 build/cop.o
 .debug_aranges
                0x00000120       0x38 build/cpu.o
 .debug_aranges
                0x00000158       0x78 build/flash.o
 .debug_aranges
                0x000001d0       0x20 build/hooks.o
 .debug_aranges
                0x000001f0       0x30 build/led.o
 .debug_aranges
                0x00000220       0x50 build/nvm.o
 .debug_aranges
                0x00000270       0x48 build/timer.o
 .debug_aranges
                0x000002b8       0xe0 build/xcp.o
 .debug_aranges
                0x00000398       0x40 build/main.o
 .debug_aranges
                0x000003d8       0x30 build/stm32f3xx_hal_msp.o
 .debug_aranges
                0x00000408       0x78 build/stm32f3xx_it.o
 .debug_aranges
                0x00000480       0x28 build/system_stm32f3xx.o
 .debug_aranges
                0x000004a8       0xe0 build/stm32f3xx_hal.o
 .debug_aranges
                0x00000588      0x138 build/stm32f3xx_hal_can.o
 .debug_aranges
                0x000006c0       0xc0 build/stm32f3xx_hal_cortex.o
 .debug_aranges
                0x00000780       0x88 build/stm32f3xx_hal_flash.o
 .debug_aranges
                0x00000808       0x98 build/stm32f3xx_hal_flash_ex.o
 .debug_aranges
                0x000008a0       0x58 build/stm32f3xx_hal_gpio.o
 .debug_aranges
                0x000008f8       0x88 build/stm32f3xx_hal_rcc.o
 .debug_aranges
                0x00000980       0x68 build/stm32f3xx_ll_utils.o
 .debug_aranges
                0x000009e8       0x28 build/startup_stm32f302x8.o
 .debug_aranges
                0x00000a10       0x20 /usr/lib/gcc/arm-none-eabi/13.1.0/../../../../arm-none-eabi/lib/thumb/v7e-m+fp/hard/libc_nano.a(libc_a-init.o)

.debug_rnglists
                0x00000000      0x74f
 .debug_rnglists
                0x00000000       0x2b build/backdoor.o
 .debug_rnglists
                0x0000002b       0x25 build/boot.o
 .debug_rnglists
                0x00000050       0x1f build/can.o
 .debug_rnglists
                0x0000006f       0x37 build/com.o
 .debug_rnglists
                0x000000a6       0x19 build/cop.o
 .debug_rnglists
                0x000000bf       0x25 build/cpu.o
 .debug_rnglists
                0x000000e4       0x57 build/flash.o
 .debug_rnglists
                0x0000013b       0x13 build/hooks.o
 .debug_rnglists
                0x0000014e       0x1f build/led.o
 .debug_rnglists
                0x0000016d       0x37 build/nvm.o
 .debug_rnglists
                0x000001a4       0x31 build/timer.o
 .debug_rnglists
                0x000001d5       0xa4 build/xcp.o
 .debug_rnglists
                0x00000279       0x2d build/main.o
 .debug_rnglists
                0x000002a6       0x20 build/stm32f3xx_hal_msp.o
 .debug_rnglists
                0x000002c6       0x55 build/stm32f3xx_it.o
 .debug_rnglists
                0x0000031b       0x1a build/system_stm32f3xx.o
 .debug_rnglists
                0x00000335       0xa3 build/stm32f3xx_hal.o
 .debug_rnglists
                0x000003d8       0xea build/stm32f3xx_hal_can.o
 .debug_rnglists
                0x000004c2       0x8b build/stm32f3xx_hal_cortex.o
 .debug_rnglists
                0x0000054d       0x63 build/stm32f3xx_hal_flash.o
 .debug_rnglists
                0x000005b0       0x71 build/stm32f3xx_hal_flash_ex.o
 .debug_rnglists
                0x00000621       0x3f build/stm32f3xx_hal_gpio.o
 .debug_rnglists
                0x00000660       0x79 build/stm32f3xx_hal_rcc.o
 .debug_rnglists
                0x000006d9       0x4a build/stm32f3xx_ll_utils.o
 .debug_rnglists
                0x00000723       0x19 build/startup_stm32f302x8.o
 .debug_rnglists
                0x0000073c       0x13 /usr/lib/gcc/arm-none-eabi/13.1.0/../../../../arm-none-eabi/lib/thumb/v7e-m+fp/hard/libc_nano.a(libc_a-init.o)

.debug_line     0x00000000     0x73ff
 .debug_line    0x00000000      0x14f build/backdoor.o
 .debug_line    0x0000014f      0x100 build/boot.o
 .debug_line    0x0000024f      0x338 build/can.o
 .debug_line    0x00000587      0x17b build/com.o
 .debug_line    0x00000702       0x57 build/cop.o
 .debug_line    0x00000759      0x259 build/cpu.o
 .debug_line    0x000009b2      0x64d build/flash.o
 .debug_line    0x00000fff       0xb5 build/hooks.o
 .debug_line    0x000010b4      0x1e1 build/led.o
 .debug_line    0x00001295      0x132 build/nvm.o
 .debug_line    0x000013c7      0x1a4 build/timer.o
 .debug_line    0x0000156b      0x79c build/xcp.o
 .debug_line    0x00001d07      0x4a4 build/main.o
 .debug_line    0x000021ab      0x22e build/stm32f3xx_hal_msp.o
 .debug_line    0x000023d9      0x29e build/stm32f3xx_it.o
 .debug_line    0x00002677      0x1e1 build/system_stm32f3xx.o
 .debug_line    0x00002858      0x4c2 build/stm32f3xx_hal.o
 .debug_line    0x00002d1a     0x10ca build/stm32f3xx_hal_can.o
 .debug_line    0x00003de4      0x62b build/stm32f3xx_hal_cortex.o
 .debug_line    0x0000440f      0x626 build/stm32f3xx_hal_flash.o
 .debug_line    0x00004a35      0x872 build/stm32f3xx_hal_flash_ex.o
 .debug_line    0x000052a7      0x61e build/stm32f3xx_hal_gpio.o
 .debug_line    0x000058c5     0x12c6 build/stm32f3xx_hal_rcc.o
 .debug_line    0x00006b8b      0x6c9 build/stm32f3xx_ll_utils.o
 .debug_line    0x00007254       0x76 build/startup_stm32f302x8.o
 .debug_line    0x000072ca      0x135 /usr/lib/gcc/arm-none-eabi/13.1.0/../../../../arm-none-eabi/lib/thumb/v7e-m+fp/hard/libc_nano.a(libc_a-init.o)

.debug_str      0x00000000     0x2e79
 .debug_str     0x00000000      0x1d8 build/backdoor.o
                                0x208 (size before relaxing)
 .debug_str     0x000001d8       0xaf build/boot.o
                                0x1df (size before relaxing)
 .debug_str     0x00000287      0x54b build/can.o
                                0x702 (size before relaxing)
 .debug_str     0x000007d2      0x122 build/com.o
                                0x2c2 (size before relaxing)
 .debug_str     0x000008f4       0x13 build/cop.o
                                0x13b (size before relaxing)
 .debug_str     0x00000907       0xfb build/cpu.o
                                0x32b (size before relaxing)
 .debug_str     0x00000a02      0x255 build/flash.o
                                0x45c (size before relaxing)
 .debug_str     0x00000c57       0x24 build/hooks.o
                                0x1cc (size before relaxing)
 .debug_str     0x00000c7b       0xe0 build/led.o
                                0x2a0 (size before relaxing)
 .debug_str     0x00000d5b       0x37 build/nvm.o
                                0x241 (size before relaxing)
 .debug_str     0x00000d92       0x62 build/timer.o
                                0x1fa (size before relaxing)
 .debug_str     0x00000df4      0x23e build/xcp.o
                                0x497 (size before relaxing)
 .debug_str     0x00001032      0x25a build/main.o
                                0x769 (size before relaxing)
 .debug_str     0x0000128c      0x3ef build/stm32f3xx_hal_msp.o
                                0x8f5 (size before relaxing)
 .debug_str     0x0000167b      0x114 build/stm32f3xx_it.o
                                0x598 (size before relaxing)
 .debug_str     0x0000178f       0x78 build/system_stm32f3xx.o
                                0x2a9 (size before relaxing)
 .debug_str     0x00001807      0x2a2 build/stm32f3xx_hal.o
                                0x8a5 (size before relaxing)
 .debug_str     0x00001aa9      0x3e2 build/stm32f3xx_hal_can.o
                                0xa1a (size before relaxing)
 .debug_str     0x00001e8b      0x315 build/stm32f3xx_hal_cortex.o
                                0x928 (size before relaxing)
 .debug_str     0x000021a0      0x286 build/stm32f3xx_hal_flash.o
                                0x4f6 (size before relaxing)
 .debug_str     0x00002426      0x248 build/stm32f3xx_hal_flash_ex.o
                                0x600 (size before relaxing)
 .debug_str     0x0000266e      0x10f build/stm32f3xx_hal_gpio.o
                                0x40d (size before relaxing)
 .debug_str     0x0000277d      0x2f8 build/stm32f3xx_hal_rcc.o
                                0x651 (size before relaxing)
 .debug_str     0x00002a75      0x24f build/stm32f3xx_ll_utils.o
                                0x61c (size before relaxing)
 .debug_str     0x00002cc4       0x30 build/startup_stm32f302x8.o
                                 0x54 (size before relaxing)
 .debug_str     0x00002cf4      0x185 /usr/lib/gcc/arm-none-eabi/13.1.0/../../../../arm-none-eabi/lib/thumb/v7e-m+fp/hard/libc_nano.a(libc_a-init.o)
                                0x220 (size before relaxing)

.comment        0x00000000       0x3c
 .comment       0x00000000       0x1e build/backdoor.o
                                 0x1f (size before relaxing)
 .comment       0x0000001e       0x1f build/boot.o
 .comment       0x0000001e       0x1f build/can.o
 .comment       0x0000001e       0x1f build/com.o
 .comment       0x0000001e       0x1f build/cop.o
 .comment       0x0000001e       0x1f build/cpu.o
 .comment       0x0000001e       0x1f build/flash.o
 .comment       0x0000001e       0x1f build/hooks.o
 .comment       0x0000001e       0x1f build/led.o
 .comment       0x0000001e       0x1f build/nvm.o
 .comment       0x0000001e       0x1f build/timer.o
 .comment       0x0000001e       0x1f build/xcp.o
 .comment       0x0000001e       0x1f build/main.o
 .comment       0x0000001e       0x1f build/stm32f3xx_hal_msp.o
 .comment       0x0000001e       0x1f build/stm32f3xx_it.o
 .comment       0x0000001e       0x1f build/system_stm32f3xx.o
 .comment       0x0000001e       0x1f build/stm32f3xx_hal.o
 .comment       0x0000001e       0x1f build/stm32f3xx_hal_can.o
 .comment       0x0000001e       0x1f build/stm32f3xx_hal_cortex.o
 .comment       0x0000001e       0x1f build/stm32f3xx_hal_flash.o
 .comment       0x0000001e       0x1f build/stm32f3xx_hal_flash_ex.o
 .comment       0x0000001e       0x1f build/stm32f3xx_hal_gpio.o
 .comment       0x0000001e       0x1f build/stm32f3xx_hal_rcc.o
 .comment       0x0000001e       0x1f build/stm32f3xx_ll_utils.o
 .comment       0x0000001e       0x1e /usr/lib/gcc/arm-none-eabi/13.1.0/../../../../arm-none-eabi/lib/thumb/v7e-m+fp/hard/libc_nano.a(libc_a-init.o)
                                 0x1f (size before relaxing)

.debug_frame    0x00000000     0x1644
 .debug_frame   0x00000000       0x78 build/backdoor.o
 .debug_frame   0x00000078       0x60 build/boot.o
 .debug_frame   0x000000d8       0x74 build/can.o
 .debug_frame   0x0000014c       0xa8 build/com.o
 .debug_frame   0x000001f4       0x30 build/cop.o
 .debug_frame   0x00000224       0x78 build/cpu.o
 .debug_frame   0x0000029c      0x144 build/flash.o
 .debug_frame   0x000003e0       0x28 build/hooks.o
 .debug_frame   0x00000408       0x50 build/led.o
 .debug_frame   0x00000458       0xb8 build/nvm.o
 .debug_frame   0x00000510       0x88 build/timer.o
 .debug_frame   0x00000598      0x24c build/xcp.o
 .debug_frame   0x000007e4       0x8c build/main.o
 .debug_frame   0x00000870       0x60 build/stm32f3xx_hal_msp.o
 .debug_frame   0x000008d0       0xf0 build/stm32f3xx_it.o
 .debug_frame   0x000009c0       0x30 build/system_stm32f3xx.o
 .debug_frame   0x000009f0      0x1cc build/stm32f3xx_hal.o
 .debug_frame   0x00000bbc      0x2dc build/stm32f3xx_hal_can.o
 .debug_frame   0x00000e98      0x19c build/stm32f3xx_hal_cortex.o
 .debug_frame   0x00001034      0x134 build/stm32f3xx_hal_flash.o
 .debug_frame   0x00001168      0x18c build/stm32f3xx_hal_flash_ex.o
 .debug_frame   0x000012f4       0xd0 build/stm32f3xx_hal_gpio.o
 .debug_frame   0x000013c4      0x170 build/stm32f3xx_hal_rcc.o
 .debug_frame   0x00001534       0xe4 build/stm32f3xx_ll_utils.o
 .debug_frame   0x00001618       0x2c /usr/lib/gcc/arm-none-eabi/13.1.0/../../../../arm-none-eabi/lib/thumb/v7e-m+fp/hard/libc_nano.a(libc_a-init.o)

.debug_loclists
                0x00000000     0x3795
 .debug_loclists
                0x00000000       0xda build/can.o
 .debug_loclists
                0x000000da       0x9f build/com.o
 .debug_loclists
                0x00000179      0x132 build/cpu.o
 .debug_loclists
                0x000002ab      0x574 build/flash.o
 .debug_loclists
                0x0000081f       0x9d build/nvm.o
 .debug_loclists
                0x000008bc      0x696 build/xcp.o
 .debug_loclists
                0x00000f52       0x66 build/main.o
 .debug_loclists
                0x00000fb8       0x75 build/stm32f3xx_hal_msp.o
 .debug_loclists
                0x0000102d       0xd6 build/system_stm32f3xx.o
 .debug_loclists
                0x00001103       0xe1 build/stm32f3xx_hal.o
 .debug_loclists
                0x000011e4      0xa1a build/stm32f3xx_hal_can.o
 .debug_loclists
                0x00001bfe      0x530 build/stm32f3xx_hal_cortex.o
 .debug_loclists
                0x0000212e      0x277 build/stm32f3xx_hal_flash.o
 .debug_loclists
                0x000023a5      0x4c3 build/stm32f3xx_hal_flash_ex.o
 .debug_loclists
                0x00002868      0x291 build/stm32f3xx_hal_gpio.o
 .debug_loclists
                0x00002af9      0x887 build/stm32f3xx_hal_rcc.o
 .debug_loclists
                0x00003380      0x3d1 build/stm32f3xx_ll_utils.o
 .debug_loclists
                0x00003751       0x44 /usr/lib/gcc/arm-none-eabi/13.1.0/../../../../arm-none-eabi/lib/thumb/v7e-m+fp/hard/libc_nano.a(libc_a-init.o)

.debug_line_str
                0x00000000       0x3a
 .debug_line_str
                0x00000000       0x3a build/startup_stm32f302x8.o

Cross Reference Table

Symbol                                            File
ADC1_IRQHandler                                   build/startup_stm32f302x8.o
AHBPrescTable                                     build/system_stm32f3xx.o
                                                  build/stm32f3xx_ll_utils.o
                                                  build/stm32f3xx_ll_rcc.o
                                                  build/stm32f3xx_hal_rcc.o
APBPrescTable                                     build/system_stm32f3xx.o
                                                  build/stm32f3xx_ll_rcc.o
                                                  build/stm32f3xx_hal_rcc.o
AssertFailure                                     build/asserts.o
BackDoorCheck                                     build/backdoor.o
                                                  build/boot.o
BackDoorGetExtension                              build/backdoor.o
BackDoorInit                                      build/backdoor.o
                                                  build/boot.o
BackDoorRestartTimer                              build/backdoor.o
BackDoorSetExtension                              build/backdoor.o
BootInit                                          build/boot.o
                                                  build/main.o
BootTask                                          build/boot.o
                                                  build/main.o
BusFault_Handler                                  build/stm32f3xx_it.o
CAN_RX1_IRQHandler                                build/stm32f3xx_it.o
CAN_SCE_IRQHandler                                build/stm32f3xx_it.o
COMP2_IRQHandler                                  build/startup_stm32f302x8.o
COMP4_6_IRQHandler                                build/startup_stm32f302x8.o
CanInit                                           build/can.o
                                                  build/com.o
CanReceivePacket                                  build/can.o
                                                  build/com.o
CanTransmitPacket                                 build/can.o
                                                  build/com.o
ComFree                                           build/com.o
                                                  build/cpu.o
ComGetActiveInterfaceMaxRxLen                     build/com.o
                                                  build/xcp.o
ComGetActiveInterfaceMaxTxLen                     build/com.o
                                                  build/xcp.o
ComInit                                           build/com.o
                                                  build/boot.o
ComIsConnected                                    build/com.o
                                                  build/backdoor.o
ComTask                                           build/com.o
                                                  build/boot.o
ComTransmitPacket                                 build/com.o
                                                  build/xcp.o
CopInit                                           build/cop.o
                                                  build/boot.o
CopService                                        build/cop.o
                                                  build/xcp.o
                                                  build/flash.o
                                                  build/cpu.o
                                                  build/can.o
                                                  build/boot.o
                                                  build/asserts.o
CpuInit                                           build/cpu.o
                                                  build/boot.o
CpuIrqDisable                                     build/boot.o
                                                  build/cpu.o
CpuIrqEnable                                      build/boot.o
                                                  build/cpu.o
CpuMemCopy                                        build/cpu.o
                                                  build/xcp.o
                                                  build/flash.o
CpuMemSet                                         build/cpu.o
CpuStartUserProgram                               build/cpu.o
                                                  build/xcp.o
                                                  build/backdoor.o
CpuUserProgramStartHook                           build/hooks.o
                                                  build/cpu.o
DMA1_Channel1_IRQHandler                          build/startup_stm32f302x8.o
DMA1_Channel2_IRQHandler                          build/startup_stm32f302x8.o
DMA1_Channel3_IRQHandler                          build/startup_stm32f302x8.o
DMA1_Channel4_IRQHandler                          build/startup_stm32f302x8.o
DMA1_Channel5_IRQHandler                          build/startup_stm32f302x8.o
DMA1_Channel6_IRQHandler                          build/startup_stm32f302x8.o
DMA1_Channel7_IRQHandler                          build/startup_stm32f302x8.o
DebugMon_Handler                                  build/stm32f3xx_it.o
Default_Handler                                   build/startup_stm32f302x8.o
EXTI0_IRQHandler                                  build/startup_stm32f302x8.o
EXTI15_10_IRQHandler                              build/startup_stm32f302x8.o
EXTI1_IRQHandler                                  build/startup_stm32f302x8.o
EXTI2_TSC_IRQHandler                              build/startup_stm32f302x8.o
EXTI3_IRQHandler                                  build/startup_stm32f302x8.o
EXTI4_IRQHandler                                  build/startup_stm32f302x8.o
EXTI9_5_IRQHandler                                build/startup_stm32f302x8.o
Error_Handler                                     build/main.o
FLASH_IRQHandler                                  build/startup_stm32f302x8.o
FLASH_PageErase                                   build/stm32f3xx_hal_flash_ex.o
                                                  build/stm32f3xx_hal_flash.o
FLASH_WaitForLastOperation                        build/stm32f3xx_hal_flash.o
                                                  build/stm32f3xx_hal_flash_ex.o
FPU_IRQHandler                                    build/startup_stm32f302x8.o
FlashDone                                         build/flash.o
                                                  build/nvm.o
FlashErase                                        build/flash.o
                                                  build/nvm.o
FlashGetUserProgBaseAddress                       build/flash.o
                                                  build/nvm.o
FlashInit                                         build/flash.o
                                                  build/nvm.o
FlashReinit                                       build/flash.o
                                                  build/nvm.o
FlashVerifyChecksum                               build/flash.o
                                                  build/nvm.o
FlashWrite                                        build/flash.o
                                                  build/nvm.o
FlashWriteChecksum                                build/flash.o
                                                  build/nvm.o
HAL_CAN_AbortTxRequest                            build/stm32f3xx_hal_can.o
HAL_CAN_ActivateNotification                      build/stm32f3xx_hal_can.o
HAL_CAN_AddTxMessage                              build/stm32f3xx_hal_can.o
                                                  build/can.o
HAL_CAN_ConfigFilter                              build/stm32f3xx_hal_can.o
                                                  build/can.o
HAL_CAN_DeInit                                    build/stm32f3xx_hal_can.o
HAL_CAN_DeactivateNotification                    build/stm32f3xx_hal_can.o
HAL_CAN_ErrorCallback                             build/stm32f3xx_hal_can.o
HAL_CAN_GetError                                  build/stm32f3xx_hal_can.o
HAL_CAN_GetRxFifoFillLevel                        build/stm32f3xx_hal_can.o
HAL_CAN_GetRxMessage                              build/stm32f3xx_hal_can.o
                                                  build/can.o
HAL_CAN_GetState                                  build/stm32f3xx_hal_can.o
HAL_CAN_GetTxMailboxesFreeLevel                   build/stm32f3xx_hal_can.o
HAL_CAN_GetTxTimestamp                            build/stm32f3xx_hal_can.o
HAL_CAN_IRQHandler                                build/stm32f3xx_hal_can.o
                                                  build/stm32f3xx_it.o
HAL_CAN_Init                                      build/stm32f3xx_hal_can.o
                                                  build/main.o
                                                  build/can.o
HAL_CAN_IsSleepActive                             build/stm32f3xx_hal_can.o
HAL_CAN_IsTxMessagePending                        build/stm32f3xx_hal_can.o
                                                  build/can.o
HAL_CAN_MspDeInit                                 build/stm32f3xx_hal_msp.o
HAL_CAN_MspInit                                   build/stm32f3xx_hal_msp.o
HAL_CAN_RequestSleep                              build/stm32f3xx_hal_can.o
HAL_CAN_ResetError                                build/stm32f3xx_hal_can.o
HAL_CAN_RxFifo0FullCallback                       build/stm32f3xx_hal_can.o
HAL_CAN_RxFifo0MsgPendingCallback                 build/stm32f3xx_hal_can.o
HAL_CAN_RxFifo1FullCallback                       build/stm32f3xx_hal_can.o
HAL_CAN_RxFifo1MsgPendingCallback                 build/stm32f3xx_hal_can.o
HAL_CAN_SleepCallback                             build/stm32f3xx_hal_can.o
HAL_CAN_Start                                     build/stm32f3xx_hal_can.o
                                                  build/can.o
HAL_CAN_Stop                                      build/stm32f3xx_hal_can.o
HAL_CAN_TxMailbox0AbortCallback                   build/stm32f3xx_hal_can.o
HAL_CAN_TxMailbox0CompleteCallback                build/stm32f3xx_hal_can.o
HAL_CAN_TxMailbox1AbortCallback                   build/stm32f3xx_hal_can.o
HAL_CAN_TxMailbox1CompleteCallback                build/stm32f3xx_hal_can.o
HAL_CAN_TxMailbox2AbortCallback                   build/stm32f3xx_hal_can.o
HAL_CAN_TxMailbox2CompleteCallback                build/stm32f3xx_hal_can.o
HAL_CAN_WakeUp                                    build/stm32f3xx_hal_can.o
HAL_CAN_WakeUpFromRxMsgCallback                   build/stm32f3xx_hal_can.o
HAL_DBGMCU_DisableDBGSleepMode                    build/stm32f3xx_hal.o
HAL_DBGMCU_DisableDBGStandbyMode                  build/stm32f3xx_hal.o
HAL_DBGMCU_DisableDBGStopMode                     build/stm32f3xx_hal.o
HAL_DBGMCU_EnableDBGSleepMode                     build/stm32f3xx_hal.o
HAL_DBGMCU_EnableDBGStandbyMode                   build/stm32f3xx_hal.o
HAL_DBGMCU_EnableDBGStopMode                      build/stm32f3xx_hal.o
HAL_DMA_Abort                                     build/stm32f3xx_hal_dma.o
HAL_DMA_Abort_IT                                  build/stm32f3xx_hal_dma.o
                                                  build/stm32f3xx_hal_i2c.o
HAL_DMA_DeInit                                    build/stm32f3xx_hal_dma.o
HAL_DMA_GetError                                  build/stm32f3xx_hal_dma.o
HAL_DMA_GetState                                  build/stm32f3xx_hal_dma.o
                                                  build/stm32f3xx_hal_i2c.o
HAL_DMA_IRQHandler                                build/stm32f3xx_hal_dma.o
HAL_DMA_Init                                      build/stm32f3xx_hal_dma.o
HAL_DMA_PollForTransfer                           build/stm32f3xx_hal_dma.o
HAL_DMA_RegisterCallback                          build/stm32f3xx_hal_dma.o
HAL_DMA_Start                                     build/stm32f3xx_hal_dma.o
HAL_DMA_Start_IT                                  build/stm32f3xx_hal_dma.o
                                                  build/stm32f3xx_hal_i2c.o
HAL_DMA_UnRegisterCallback                        build/stm32f3xx_hal_dma.o
HAL_DeInit                                        build/stm32f3xx_hal.o
                                                  build/cpu.o
HAL_Delay                                         build/stm32f3xx_hal.o
HAL_EXTI_ClearConfigLine                          build/stm32f3xx_hal_exti.o
HAL_EXTI_ClearPending                             build/stm32f3xx_hal_exti.o
HAL_EXTI_GenerateSWI                              build/stm32f3xx_hal_exti.o
HAL_EXTI_GetConfigLine                            build/stm32f3xx_hal_exti.o
HAL_EXTI_GetHandle                                build/stm32f3xx_hal_exti.o
HAL_EXTI_GetPending                               build/stm32f3xx_hal_exti.o
HAL_EXTI_IRQHandler                               build/stm32f3xx_hal_exti.o
HAL_EXTI_RegisterCallback                         build/stm32f3xx_hal_exti.o
HAL_EXTI_SetConfigLine                            build/stm32f3xx_hal_exti.o
HAL_FLASHEx_Erase                                 build/stm32f3xx_hal_flash_ex.o
                                                  build/flash.o
HAL_FLASHEx_Erase_IT                              build/stm32f3xx_hal_flash_ex.o
HAL_FLASHEx_OBErase                               build/stm32f3xx_hal_flash_ex.o
HAL_FLASHEx_OBGetConfig                           build/stm32f3xx_hal_flash_ex.o
HAL_FLASHEx_OBGetUserData                         build/stm32f3xx_hal_flash_ex.o
HAL_FLASHEx_OBProgram                             build/stm32f3xx_hal_flash_ex.o
HAL_FLASH_EndOfOperationCallback                  build/stm32f3xx_hal_flash.o
HAL_FLASH_GetError                                build/stm32f3xx_hal_flash.o
HAL_FLASH_IRQHandler                              build/stm32f3xx_hal_flash.o
HAL_FLASH_Lock                                    build/stm32f3xx_hal_flash.o
                                                  build/flash.o
HAL_FLASH_OB_Launch                               build/stm32f3xx_hal_flash.o
HAL_FLASH_OB_Lock                                 build/stm32f3xx_hal_flash.o
HAL_FLASH_OB_Unlock                               build/stm32f3xx_hal_flash.o
HAL_FLASH_OperationErrorCallback                  build/stm32f3xx_hal_flash.o
HAL_FLASH_Program                                 build/stm32f3xx_hal_flash.o
                                                  build/flash.o
HAL_FLASH_Program_IT                              build/stm32f3xx_hal_flash.o
HAL_FLASH_Unlock                                  build/stm32f3xx_hal_flash.o
                                                  build/flash.o
HAL_GPIO_DeInit                                   build/stm32f3xx_hal_gpio.o
                                                  build/stm32f3xx_hal_msp.o
HAL_GPIO_EXTI_Callback                            build/stm32f3xx_hal_gpio.o
HAL_GPIO_EXTI_IRQHandler                          build/stm32f3xx_hal_gpio.o
HAL_GPIO_Init                                     build/stm32f3xx_hal_gpio.o
                                                  build/stm32f3xx_hal_rcc.o
                                                  build/stm32f3xx_hal_msp.o
                                                  build/main.o
HAL_GPIO_LockPin                                  build/stm32f3xx_hal_gpio.o
HAL_GPIO_ReadPin                                  build/stm32f3xx_hal_gpio.o
HAL_GPIO_TogglePin                                build/stm32f3xx_hal_gpio.o
                                                  build/stm32f3xx_it.o
HAL_GPIO_WritePin                                 build/stm32f3xx_hal_gpio.o
                                                  build/main.o
                                                  build/led.o
HAL_GetDEVID                                      build/stm32f3xx_hal.o
HAL_GetHalVersion                                 build/stm32f3xx_hal.o
HAL_GetREVID                                      build/stm32f3xx_hal.o
HAL_GetTick                                       build/timer.o
                                                  build/stm32f3xx_hal_rcc_ex.o
                                                  build/stm32f3xx_hal_rcc.o
                                                  build/stm32f3xx_hal_i2c.o
                                                  build/stm32f3xx_hal_flash.o
                                                  build/stm32f3xx_hal_dma.o
                                                  build/stm32f3xx_hal_can.o
                                                  build/stm32f3xx_it.o
HAL_GetTickFreq                                   build/stm32f3xx_hal.o
HAL_GetTickPrio                                   build/stm32f3xx_hal.o
HAL_GetUIDw0                                      build/stm32f3xx_hal.o
HAL_GetUIDw1                                      build/stm32f3xx_hal.o
HAL_GetUIDw2                                      build/stm32f3xx_hal.o
HAL_I2CEx_ConfigAnalogFilter                      build/stm32f3xx_hal_i2c_ex.o
HAL_I2CEx_ConfigDigitalFilter                     build/stm32f3xx_hal_i2c_ex.o
HAL_I2CEx_DisableFastModePlus                     build/stm32f3xx_hal_i2c_ex.o
HAL_I2CEx_DisableWakeUp                           build/stm32f3xx_hal_i2c_ex.o
HAL_I2CEx_EnableFastModePlus                      build/stm32f3xx_hal_i2c_ex.o
HAL_I2CEx_EnableWakeUp                            build/stm32f3xx_hal_i2c_ex.o
HAL_I2C_AbortCpltCallback                         build/stm32f3xx_hal_i2c.o
HAL_I2C_AddrCallback                              build/stm32f3xx_hal_i2c.o
HAL_I2C_DeInit                                    build/stm32f3xx_hal_i2c.o
HAL_I2C_DisableListen_IT                          build/stm32f3xx_hal_i2c.o
HAL_I2C_ER_IRQHandler                             build/stm32f3xx_hal_i2c.o
HAL_I2C_EV_IRQHandler                             build/stm32f3xx_hal_i2c.o
HAL_I2C_EnableListen_IT                           build/stm32f3xx_hal_i2c.o
HAL_I2C_ErrorCallback                             build/stm32f3xx_hal_i2c.o
HAL_I2C_GetError                                  build/stm32f3xx_hal_i2c.o
HAL_I2C_GetMode                                   build/stm32f3xx_hal_i2c.o
HAL_I2C_GetState                                  build/stm32f3xx_hal_i2c.o
HAL_I2C_Init                                      build/stm32f3xx_hal_i2c.o
HAL_I2C_IsDeviceReady                             build/stm32f3xx_hal_i2c.o
HAL_I2C_ListenCpltCallback                        build/stm32f3xx_hal_i2c.o
HAL_I2C_MasterRxCpltCallback                      build/stm32f3xx_hal_i2c.o
HAL_I2C_MasterTxCpltCallback                      build/stm32f3xx_hal_i2c.o
HAL_I2C_Master_Abort_IT                           build/stm32f3xx_hal_i2c.o
HAL_I2C_Master_Receive                            build/stm32f3xx_hal_i2c.o
HAL_I2C_Master_Receive_DMA                        build/stm32f3xx_hal_i2c.o
HAL_I2C_Master_Receive_IT                         build/stm32f3xx_hal_i2c.o
HAL_I2C_Master_Seq_Receive_DMA                    build/stm32f3xx_hal_i2c.o
HAL_I2C_Master_Seq_Receive_IT                     build/stm32f3xx_hal_i2c.o
HAL_I2C_Master_Seq_Transmit_DMA                   build/stm32f3xx_hal_i2c.o
HAL_I2C_Master_Seq_Transmit_IT                    build/stm32f3xx_hal_i2c.o
HAL_I2C_Master_Transmit                           build/stm32f3xx_hal_i2c.o
HAL_I2C_Master_Transmit_DMA                       build/stm32f3xx_hal_i2c.o
HAL_I2C_Master_Transmit_IT                        build/stm32f3xx_hal_i2c.o
HAL_I2C_MemRxCpltCallback                         build/stm32f3xx_hal_i2c.o
HAL_I2C_MemTxCpltCallback                         build/stm32f3xx_hal_i2c.o
HAL_I2C_Mem_Read                                  build/stm32f3xx_hal_i2c.o
HAL_I2C_Mem_Read_DMA                              build/stm32f3xx_hal_i2c.o
HAL_I2C_Mem_Read_IT                               build/stm32f3xx_hal_i2c.o
HAL_I2C_Mem_Write                                 build/stm32f3xx_hal_i2c.o
HAL_I2C_Mem_Write_DMA                             build/stm32f3xx_hal_i2c.o
HAL_I2C_Mem_Write_IT                              build/stm32f3xx_hal_i2c.o
HAL_I2C_MspDeInit                                 build/stm32f3xx_hal_i2c.o
HAL_I2C_MspInit                                   build/stm32f3xx_hal_i2c.o
HAL_I2C_SlaveRxCpltCallback                       build/stm32f3xx_hal_i2c.o
HAL_I2C_SlaveTxCpltCallback                       build/stm32f3xx_hal_i2c.o
HAL_I2C_Slave_Receive                             build/stm32f3xx_hal_i2c.o
HAL_I2C_Slave_Receive_DMA                         build/stm32f3xx_hal_i2c.o
HAL_I2C_Slave_Receive_IT                          build/stm32f3xx_hal_i2c.o
HAL_I2C_Slave_Seq_Receive_DMA                     build/stm32f3xx_hal_i2c.o
HAL_I2C_Slave_Seq_Receive_IT                      build/stm32f3xx_hal_i2c.o
HAL_I2C_Slave_Seq_Transmit_DMA                    build/stm32f3xx_hal_i2c.o
HAL_I2C_Slave_Seq_Transmit_IT                     build/stm32f3xx_hal_i2c.o
HAL_I2C_Slave_Transmit                            build/stm32f3xx_hal_i2c.o
HAL_I2C_Slave_Transmit_DMA                        build/stm32f3xx_hal_i2c.o
HAL_I2C_Slave_Transmit_IT                         build/stm32f3xx_hal_i2c.o
HAL_IncTick                                       build/stm32f3xx_hal.o
                                                  build/stm32f3xx_it.o
HAL_Init                                          build/stm32f3xx_hal.o
                                                  build/main.o
HAL_InitTick                                      build/stm32f3xx_hal.o
                                                  build/stm32f3xx_hal_rcc.o
                                                  build/main.o
HAL_MspDeInit                                     build/stm32f3xx_hal.o
HAL_MspInit                                       build/stm32f3xx_hal_msp.o
HAL_NVIC_ClearPendingIRQ                          build/stm32f3xx_hal_cortex.o
HAL_NVIC_DisableIRQ                               build/stm32f3xx_hal_cortex.o
                                                  build/stm32f3xx_hal_msp.o
HAL_NVIC_EnableIRQ                                build/stm32f3xx_hal_cortex.o
                                                  build/stm32f3xx_hal_msp.o
HAL_NVIC_GetActive                                build/stm32f3xx_hal_cortex.o
HAL_NVIC_GetPendingIRQ                            build/stm32f3xx_hal_cortex.o
HAL_NVIC_GetPriority                              build/stm32f3xx_hal_cortex.o
HAL_NVIC_GetPriorityGrouping                      build/stm32f3xx_hal_cortex.o
HAL_NVIC_SetPendingIRQ                            build/stm32f3xx_hal_cortex.o
HAL_NVIC_SetPriority                              build/stm32f3xx_hal_cortex.o
                                                  build/stm32f3xx_hal.o
                                                  build/stm32f3xx_hal_msp.o
HAL_NVIC_SetPriorityGrouping                      build/stm32f3xx_hal_cortex.o
                                                  build/stm32f3xx_hal.o
HAL_NVIC_SystemReset                              build/stm32f3xx_hal_cortex.o
HAL_PWR_ConfigPVD                                 build/stm32f3xx_hal_pwr_ex.o
HAL_PWR_DeInit                                    build/stm32f3xx_hal_pwr.o
HAL_PWR_DisableBkUpAccess                         build/stm32f3xx_hal_pwr.o
HAL_PWR_DisablePVD                                build/stm32f3xx_hal_pwr_ex.o
HAL_PWR_DisableSEVOnPend                          build/stm32f3xx_hal_pwr.o
HAL_PWR_DisableSleepOnExit                        build/stm32f3xx_hal_pwr.o
HAL_PWR_DisableWakeUpPin                          build/stm32f3xx_hal_pwr.o
HAL_PWR_EnableBkUpAccess                          build/stm32f3xx_hal_pwr.o
HAL_PWR_EnablePVD                                 build/stm32f3xx_hal_pwr_ex.o
HAL_PWR_EnableSEVOnPend                           build/stm32f3xx_hal_pwr.o
HAL_PWR_EnableSleepOnExit                         build/stm32f3xx_hal_pwr.o
HAL_PWR_EnableWakeUpPin                           build/stm32f3xx_hal_pwr.o
HAL_PWR_EnterSLEEPMode                            build/stm32f3xx_hal_pwr.o
HAL_PWR_EnterSTANDBYMode                          build/stm32f3xx_hal_pwr.o
HAL_PWR_EnterSTOPMode                             build/stm32f3xx_hal_pwr.o
HAL_PWR_PVDCallback                               build/stm32f3xx_hal_pwr_ex.o
HAL_PWR_PVD_IRQHandler                            build/stm32f3xx_hal_pwr_ex.o
HAL_RCCEx_GetPeriphCLKConfig                      build/stm32f3xx_hal_rcc_ex.o
HAL_RCCEx_GetPeriphCLKFreq                        build/stm32f3xx_hal_rcc_ex.o
HAL_RCCEx_PeriphCLKConfig                         build/stm32f3xx_hal_rcc_ex.o
HAL_RCC_CSSCallback                               build/stm32f3xx_hal_rcc.o
HAL_RCC_ClockConfig                               build/stm32f3xx_hal_rcc.o
HAL_RCC_DeInit                                    build/stm32f3xx_hal_rcc.o
                                                  build/hooks.o
HAL_RCC_DisableCSS                                build/stm32f3xx_hal_rcc.o
HAL_RCC_EnableCSS                                 build/stm32f3xx_hal_rcc.o
HAL_RCC_GetClockConfig                            build/stm32f3xx_hal_rcc.o
HAL_RCC_GetHCLKFreq                               build/stm32f3xx_hal_rcc.o
HAL_RCC_GetOscConfig                              build/stm32f3xx_hal_rcc.o
HAL_RCC_GetPCLK1Freq                              build/stm32f3xx_hal_rcc.o
                                                  build/stm32f3xx_hal_rcc_ex.o
HAL_RCC_GetPCLK2Freq                              build/stm32f3xx_hal_rcc.o
HAL_RCC_GetSysClockFreq                           build/stm32f3xx_hal_rcc.o
                                                  build/stm32f3xx_hal_rcc_ex.o
HAL_RCC_MCOConfig                                 build/stm32f3xx_hal_rcc.o
HAL_RCC_NMI_IRQHandler                            build/stm32f3xx_hal_rcc.o
HAL_RCC_OscConfig                                 build/stm32f3xx_hal_rcc.o
HAL_ResumeTick                                    build/stm32f3xx_hal.o
HAL_SYSTICK_CLKSourceConfig                       build/stm32f3xx_hal_cortex.o
HAL_SYSTICK_Callback                              build/stm32f3xx_hal_cortex.o
HAL_SYSTICK_Config                                build/stm32f3xx_hal_cortex.o
                                                  build/stm32f3xx_hal.o
HAL_SYSTICK_IRQHandler                            build/stm32f3xx_hal_cortex.o
HAL_SetTickFreq                                   build/stm32f3xx_hal.o
HAL_SuspendTick                                   build/stm32f3xx_hal.o
HardFault_Handler                                 build/stm32f3xx_it.o
I2C1_ER_IRQHandler                                build/startup_stm32f302x8.o
I2C1_EV_IRQHandler                                build/startup_stm32f302x8.o
I2C2_ER_IRQHandler                                build/startup_stm32f302x8.o
I2C2_EV_IRQHandler                                build/startup_stm32f302x8.o
I2C3_ER_IRQHandler                                build/startup_stm32f302x8.o
I2C3_EV_IRQHandler                                build/startup_stm32f302x8.o
LL_EXTI_DeInit                                    build/stm32f3xx_ll_exti.o
LL_EXTI_Init                                      build/stm32f3xx_ll_exti.o
LL_EXTI_StructInit                                build/stm32f3xx_ll_exti.o
LL_Init1msTick                                    build/stm32f3xx_ll_utils.o
LL_PLL_ConfigSystemClock_HSE                      build/stm32f3xx_ll_utils.o
LL_PLL_ConfigSystemClock_HSI                      build/stm32f3xx_ll_utils.o
LL_RCC_DeInit                                     build/stm32f3xx_ll_rcc.o
LL_RCC_GetADCClockFreq                            build/stm32f3xx_ll_rcc.o
LL_RCC_GetI2CClockFreq                            build/stm32f3xx_ll_rcc.o
LL_RCC_GetI2SClockFreq                            build/stm32f3xx_ll_rcc.o
LL_RCC_GetSystemClocksFreq                        build/stm32f3xx_ll_rcc.o
LL_RCC_GetTIMClockFreq                            build/stm32f3xx_ll_rcc.o
LL_RCC_GetUSARTClockFreq                          build/stm32f3xx_ll_rcc.o
LL_RCC_GetUSBClockFreq                            build/stm32f3xx_ll_rcc.o
LL_SetFlashLatency                                build/stm32f3xx_ll_utils.o
LL_SetSystemCoreClock                             build/stm32f3xx_ll_utils.o
                                                  build/main.o
LL_mDelay                                         build/stm32f3xx_ll_utils.o
LedBlinkExit                                      build/led.o
LedBlinkInit                                      build/led.o
                                                  build/boot.o
LedBlinkTask                                      build/led.o
                                                  build/boot.o
MemManage_Handler                                 build/stm32f3xx_it.o
NMI_Handler                                       build/stm32f3xx_it.o
NvmDone                                           build/nvm.o
                                                  build/xcp.o
NvmErase                                          build/nvm.o
                                                  build/xcp.o
NvmGetUserProgBaseAddress                         build/nvm.o
                                                  build/cpu.o
NvmInit                                           build/nvm.o
                                                  build/xcp.o
                                                  build/boot.o
NvmReinit                                         build/nvm.o
NvmVerifyChecksum                                 build/nvm.o
                                                  build/cpu.o
NvmWrite                                          build/nvm.o
                                                  build/xcp.o
PVD_IRQHandler                                    build/startup_stm32f302x8.o
PendSV_Handler                                    build/stm32f3xx_it.o
RCC_GetHCLKClockFreq                              build/stm32f3xx_ll_rcc.o
RCC_GetPCLK1ClockFreq                             build/stm32f3xx_ll_rcc.o
RCC_GetPCLK2ClockFreq                             build/stm32f3xx_ll_rcc.o
RCC_GetSystemClockFreq                            build/stm32f3xx_ll_rcc.o
RCC_IRQHandler                                    build/startup_stm32f302x8.o
RCC_PLL_GetFreqDomain_SYS                         build/stm32f3xx_ll_rcc.o
RTC_Alarm_IRQHandler                              build/startup_stm32f302x8.o
RTC_WKUP_IRQHandler                               build/startup_stm32f302x8.o
Reset_Handler                                     build/startup_stm32f302x8.o
SPI2_IRQHandler                                   build/startup_stm32f302x8.o
SPI3_IRQHandler                                   build/startup_stm32f302x8.o
SVC_Handler                                       build/stm32f3xx_it.o
SysTick_Handler                                   build/stm32f3xx_it.o
                                                  build/timer.o
SystemClock_Config                                build/main.o
SystemCoreClock                                   build/system_stm32f3xx.o
                                                  build/stm32f3xx_ll_utils.o
                                                  build/stm32f3xx_hal_rcc_ex.o
                                                  build/stm32f3xx_hal_rcc.o
                                                  build/stm32f3xx_hal.o
SystemCoreClockUpdate                             build/system_stm32f3xx.o
SystemInit                                        build/system_stm32f3xx.o
                                                  build/startup_stm32f302x8.o
TAMP_STAMP_IRQHandler                             build/startup_stm32f302x8.o
TIM1_BRK_TIM15_IRQHandler                         build/startup_stm32f302x8.o
TIM1_CC_IRQHandler                                build/startup_stm32f302x8.o
TIM1_TRG_COM_TIM17_IRQHandler                     build/startup_stm32f302x8.o
TIM1_UP_TIM16_IRQHandler                          build/startup_stm32f302x8.o
TIM2_IRQHandler                                   build/startup_stm32f302x8.o
TIM6_DAC_IRQHandler                               build/startup_stm32f302x8.o
TimerGet                                          build/timer.o
                                                  build/led.o
                                                  build/can.o
                                                  build/backdoor.o
TimerInit                                         build/timer.o
                                                  build/boot.o
TimerReset                                        build/timer.o
                                                  build/cpu.o
TimerUpdate                                       build/timer.o
                                                  build/boot.o
USART1_IRQHandler                                 build/startup_stm32f302x8.o
USART2_IRQHandler                                 build/startup_stm32f302x8.o
USART3_IRQHandler                                 build/startup_stm32f302x8.o
USBWakeUp_IRQHandler                              build/startup_stm32f302x8.o
USBWakeUp_RMP_IRQHandler                          build/startup_stm32f302x8.o
USB_HP_CAN_TX_IRQHandler                          build/startup_stm32f302x8.o
USB_HP_IRQHandler                                 build/startup_stm32f302x8.o
USB_LP_CAN_RX0_IRQHandler                         build/stm32f3xx_it.o
USB_LP_IRQHandler                                 build/startup_stm32f302x8.o
UsageFault_Handler                                build/stm32f3xx_it.o
WWDG_IRQHandler                                   build/startup_stm32f302x8.o
XcpInit                                           build/xcp.o
                                                  build/com.o
XcpIsConnected                                    build/xcp.o
                                                  build/com.o
XcpPacketReceived                                 build/xcp.o
                                                  build/com.o
XcpPacketTransmitted                              build/xcp.o
                                                  build/com.o
_Min_Stack_Size                                   build/sysmem.o
__atexit                                          /usr/lib/gcc/arm-none-eabi/13.1.0/../../../../arm-none-eabi/lib/thumb/v7e-m+fp/hard/libc_nano.a(libc_a-__call_atexit.o)
                                                  /usr/lib/gcc/arm-none-eabi/13.1.0/../../../../arm-none-eabi/lib/thumb/v7e-m+fp/hard/libc_nano.a(libc_a-__atexit.o)
__atexit0                                         /usr/lib/gcc/arm-none-eabi/13.1.0/../../../../arm-none-eabi/lib/thumb/v7e-m+fp/hard/libc_nano.a(libc_a-__atexit.o)
__atexit_dummy                                    /usr/lib/gcc/arm-none-eabi/13.1.0/../../../../arm-none-eabi/lib/thumb/v7e-m+fp/hard/libc_nano.a(libc_a-__atexit.o)
__atexit_recursive_mutex                          /usr/lib/gcc/arm-none-eabi/13.1.0/../../../../arm-none-eabi/lib/thumb/v7e-m+fp/hard/libc_nano.a(libc_a-__call_atexit.o)
                                                  /usr/lib/gcc/arm-none-eabi/13.1.0/../../../../arm-none-eabi/lib/thumb/v7e-m+fp/hard/libc_nano.a(libc_a-__atexit.o)
__bss_end__                                       /usr/lib/gcc/arm-none-eabi/13.1.0/../../../../arm-none-eabi/lib/thumb/v7e-m+fp/hard/crt0.o
__bss_start__                                     /usr/lib/gcc/arm-none-eabi/13.1.0/../../../../arm-none-eabi/lib/thumb/v7e-m+fp/hard/crt0.o
__call_exitprocs                                  /usr/lib/gcc/arm-none-eabi/13.1.0/../../../../arm-none-eabi/lib/thumb/v7e-m+fp/hard/libc_nano.a(libc_a-__call_atexit.o)
                                                  /usr/lib/gcc/arm-none-eabi/13.1.0/../../../../arm-none-eabi/lib/thumb/v7e-m+fp/hard/libc_nano.a(libc_a-__atexit.o)
                                                  /usr/lib/gcc/arm-none-eabi/13.1.0/../../../../arm-none-eabi/lib/thumb/v7e-m+fp/hard/libc_nano.a(libc_a-exit.o)
__deregister_frame_info                           /usr/lib/gcc/arm-none-eabi/13.1.0/thumb/v7e-m+fp/hard/crtbegin.o
__dso_handle                                      /usr/lib/gcc/arm-none-eabi/13.1.0/thumb/v7e-m+fp/hard/crtbegin.o
__env                                             build/syscalls.o
__errno                                           /usr/lib/gcc/arm-none-eabi/13.1.0/../../../../arm-none-eabi/lib/thumb/v7e-m+fp/hard/libc_nano.a(libc_a-errno.o)
                                                  build/sysmem.o
                                                  build/syscalls.o
__fini_array_end                                  /usr/lib/gcc/arm-none-eabi/13.1.0/../../../../arm-none-eabi/lib/thumb/v7e-m+fp/hard/libc_nano.a(libc_a-fini.o)
__fini_array_start                                /usr/lib/gcc/arm-none-eabi/13.1.0/../../../../arm-none-eabi/lib/thumb/v7e-m+fp/hard/libc_nano.a(libc_a-fini.o)
__fp_lock_all                                     /usr/lib/gcc/arm-none-eabi/13.1.0/../../../../arm-none-eabi/lib/thumb/v7e-m+fp/hard/libc_nano.a(libc_a-findfp.o)
__fp_unlock_all                                   /usr/lib/gcc/arm-none-eabi/13.1.0/../../../../arm-none-eabi/lib/thumb/v7e-m+fp/hard/libc_nano.a(libc_a-findfp.o)
__init_array_end                                  /usr/lib/gcc/arm-none-eabi/13.1.0/../../../../arm-none-eabi/lib/thumb/v7e-m+fp/hard/libc_nano.a(libc_a-init.o)
__init_array_start                                /usr/lib/gcc/arm-none-eabi/13.1.0/../../../../arm-none-eabi/lib/thumb/v7e-m+fp/hard/libc_nano.a(libc_a-init.o)
__io_getchar                                      build/syscalls.o
__io_putchar                                      build/syscalls.o
__libc_fini_array                                 /usr/lib/gcc/arm-none-eabi/13.1.0/../../../../arm-none-eabi/lib/thumb/v7e-m+fp/hard/libc_nano.a(libc_a-fini.o)
                                                  /usr/lib/gcc/arm-none-eabi/13.1.0/../../../../arm-none-eabi/lib/thumb/v7e-m+fp/hard/crt0.o
__libc_init_array                                 /usr/lib/gcc/arm-none-eabi/13.1.0/../../../../arm-none-eabi/lib/thumb/v7e-m+fp/hard/libc_nano.a(libc_a-init.o)
                                                  build/startup_stm32f302x8.o
                                                  /usr/lib/gcc/arm-none-eabi/13.1.0/../../../../arm-none-eabi/lib/thumb/v7e-m+fp/hard/crt0.o
__lock___arc4random_mutex                         /usr/lib/gcc/arm-none-eabi/13.1.0/../../../../arm-none-eabi/lib/thumb/v7e-m+fp/hard/libc_nano.a(libc_a-lock.o)
__lock___at_quick_exit_mutex                      /usr/lib/gcc/arm-none-eabi/13.1.0/../../../../arm-none-eabi/lib/thumb/v7e-m+fp/hard/libc_nano.a(libc_a-lock.o)
__lock___atexit_recursive_mutex                   /usr/lib/gcc/arm-none-eabi/13.1.0/../../../../arm-none-eabi/lib/thumb/v7e-m+fp/hard/libc_nano.a(libc_a-lock.o)
                                                  /usr/lib/gcc/arm-none-eabi/13.1.0/../../../../arm-none-eabi/lib/thumb/v7e-m+fp/hard/libc_nano.a(libc_a-__call_atexit.o)
__lock___dd_hash_mutex                            /usr/lib/gcc/arm-none-eabi/13.1.0/../../../../arm-none-eabi/lib/thumb/v7e-m+fp/hard/libc_nano.a(libc_a-lock.o)
__lock___env_recursive_mutex                      /usr/lib/gcc/arm-none-eabi/13.1.0/../../../../arm-none-eabi/lib/thumb/v7e-m+fp/hard/libc_nano.a(libc_a-lock.o)
__lock___malloc_recursive_mutex                   /usr/lib/gcc/arm-none-eabi/13.1.0/../../../../arm-none-eabi/lib/thumb/v7e-m+fp/hard/libc_nano.a(libc_a-lock.o)
                                                  /usr/lib/gcc/arm-none-eabi/13.1.0/../../../../arm-none-eabi/lib/thumb/v7e-m+fp/hard/libc_nano.a(libc_a-mlock.o)
__lock___sfp_recursive_mutex                      /usr/lib/gcc/arm-none-eabi/13.1.0/../../../../arm-none-eabi/lib/thumb/v7e-m+fp/hard/libc_nano.a(libc_a-lock.o)
                                                  /usr/lib/gcc/arm-none-eabi/13.1.0/../../../../arm-none-eabi/lib/thumb/v7e-m+fp/hard/libc_nano.a(libc_a-findfp.o)
__lock___tz_mutex                                 /usr/lib/gcc/arm-none-eabi/13.1.0/../../../../arm-none-eabi/lib/thumb/v7e-m+fp/hard/libc_nano.a(libc_a-lock.o)
__malloc_free_list                                /usr/lib/gcc/arm-none-eabi/13.1.0/../../../../arm-none-eabi/lib/thumb/v7e-m+fp/hard/libc_nano.a(libc_a-mallocr.o)
                                                  /usr/lib/gcc/arm-none-eabi/13.1.0/../../../../arm-none-eabi/lib/thumb/v7e-m+fp/hard/libc_nano.a(libc_a-freer.o)
__malloc_lock                                     /usr/lib/gcc/arm-none-eabi/13.1.0/../../../../arm-none-eabi/lib/thumb/v7e-m+fp/hard/libc_nano.a(libc_a-mlock.o)
                                                  /usr/lib/gcc/arm-none-eabi/13.1.0/../../../../arm-none-eabi/lib/thumb/v7e-m+fp/hard/libc_nano.a(libc_a-mallocr.o)
                                                  /usr/lib/gcc/arm-none-eabi/13.1.0/../../../../arm-none-eabi/lib/thumb/v7e-m+fp/hard/libc_nano.a(libc_a-freer.o)
__malloc_sbrk_start                               /usr/lib/gcc/arm-none-eabi/13.1.0/../../../../arm-none-eabi/lib/thumb/v7e-m+fp/hard/libc_nano.a(libc_a-mallocr.o)
__malloc_unlock                                   /usr/lib/gcc/arm-none-eabi/13.1.0/../../../../arm-none-eabi/lib/thumb/v7e-m+fp/hard/libc_nano.a(libc_a-mlock.o)
                                                  /usr/lib/gcc/arm-none-eabi/13.1.0/../../../../arm-none-eabi/lib/thumb/v7e-m+fp/hard/libc_nano.a(libc_a-mallocr.o)
                                                  /usr/lib/gcc/arm-none-eabi/13.1.0/../../../../arm-none-eabi/lib/thumb/v7e-m+fp/hard/libc_nano.a(libc_a-freer.o)
__on_exit_args                                    /usr/lib/gcc/arm-none-eabi/13.1.0/../../../../arm-none-eabi/lib/thumb/v7e-m+fp/hard/libc_nano.a(libc_a-__atexit.o)
__preinit_array_end                               /usr/lib/gcc/arm-none-eabi/13.1.0/../../../../arm-none-eabi/lib/thumb/v7e-m+fp/hard/libc_nano.a(libc_a-init.o)
__preinit_array_start                             /usr/lib/gcc/arm-none-eabi/13.1.0/../../../../arm-none-eabi/lib/thumb/v7e-m+fp/hard/libc_nano.a(libc_a-init.o)
__register_exitproc                               /usr/lib/gcc/arm-none-eabi/13.1.0/../../../../arm-none-eabi/lib/thumb/v7e-m+fp/hard/libc_nano.a(libc_a-__atexit.o)
                                                  /usr/lib/gcc/arm-none-eabi/13.1.0/../../../../arm-none-eabi/lib/thumb/v7e-m+fp/hard/libc_nano.a(libc_a-atexit.o)
__register_frame_info                             /usr/lib/gcc/arm-none-eabi/13.1.0/thumb/v7e-m+fp/hard/crtbegin.o
__retarget_lock_acquire                           /usr/lib/gcc/arm-none-eabi/13.1.0/../../../../arm-none-eabi/lib/thumb/v7e-m+fp/hard/libc_nano.a(libc_a-lock.o)
__retarget_lock_acquire_recursive                 /usr/lib/gcc/arm-none-eabi/13.1.0/../../../../arm-none-eabi/lib/thumb/v7e-m+fp/hard/libc_nano.a(libc_a-lock.o)
                                                  /usr/lib/gcc/arm-none-eabi/13.1.0/../../../../arm-none-eabi/lib/thumb/v7e-m+fp/hard/libc_nano.a(libc_a-fflush.o)
                                                  /usr/lib/gcc/arm-none-eabi/13.1.0/../../../../arm-none-eabi/lib/thumb/v7e-m+fp/hard/libc_nano.a(libc_a-mlock.o)
                                                  /usr/lib/gcc/arm-none-eabi/13.1.0/../../../../arm-none-eabi/lib/thumb/v7e-m+fp/hard/libc_nano.a(libc_a-__call_atexit.o)
                                                  /usr/lib/gcc/arm-none-eabi/13.1.0/../../../../arm-none-eabi/lib/thumb/v7e-m+fp/hard/libc_nano.a(libc_a-__atexit.o)
                                                  /usr/lib/gcc/arm-none-eabi/13.1.0/../../../../arm-none-eabi/lib/thumb/v7e-m+fp/hard/libc_nano.a(libc_a-findfp.o)
__retarget_lock_close                             /usr/lib/gcc/arm-none-eabi/13.1.0/../../../../arm-none-eabi/lib/thumb/v7e-m+fp/hard/libc_nano.a(libc_a-lock.o)
__retarget_lock_close_recursive                   /usr/lib/gcc/arm-none-eabi/13.1.0/../../../../arm-none-eabi/lib/thumb/v7e-m+fp/hard/libc_nano.a(libc_a-lock.o)